2026-10-04T09:20:38Z Apple: In Progress
2026-10-04T09:21:39Z Apple: In Progress
2026-10-04T09:22:40Z Apple: In Progress
2026-10-04T09:23:41Z Apple: In Progress
2026-10-04T09:24:41Z Apple: In Progress
2026-10-04T09:25:42Z Apple: In Progress
2026-10-04T09:26:42Z Apple: In Progress
2026-10-04T09:27:43Z Apple: In Progress
2026-10-04T09:28:44Z Apple: In Progress
2026-10-04T09:29:44Z Apple: In Progress
2026-10-04T09:30:45Z Apple: In Progress
2026-10-04T09:31:46Z Apple: In Progress
2026-10-04T09:32:46Z Apple: In Progress
2026-10-04T09:33:47Z Apple: In Progress
2026-10-04T09:34:48Z Apple: In Progress
2026-10-04T09:35:48Z Apple: In Progress
2026-10-04T09:36:49Z Apple: In Progress
2026-10-04T09:37:50Z Apple: In Progress
2026-10-04T09:38:50Z Apple: In Progress
2026-10-04T09:39:51Z Apple: In Progress
2026-10-04T09:40:52Z Apple: In Progress
2026-10-04T09:41:52Z Apple: In Progress
2026-10-04T09:42:53Z Apple: In Progress
2026-10-04T09:43:53Z Apple: In Progress
2026-10-04T09:44:54Z Apple: In Progress
2026-10-04T09:45:54Z Apple: In Progress
2026-10-04T09:46:55Z Apple: In Progress
2026-10-04T09:47:55Z Apple: In Progress
2026-10-04T09:48:56Z Apple: In Progress
2026-10-04T09:49:57Z Apple: In Progress
2026-10-04T09:50:57Z Apple: In Progress
2026-10-04T09:51:58Z Apple: In Progress
2026-10-04T09:52:58Z Apple: In Progress
2026-10-04T09:53:59Z Apple: In Progress
2026-10-04T09:54:59Z Apple: In Progress
2026-10-04T09:56:00Z Apple: In Progress
2026-10-04T09:57:01Z Apple: In Progress
2026-10-04T09:58:01Z Apple: In Progress
2026-10-04T09:59:02Z Apple: In Progress
2026-10-04T10:00:02Z Apple: In Progress
2026-10-04T10:01:03Z Apple: In Progress
2026-10-04T10:02:03Z Apple: In Progress
2026-10-04T10:03:04Z Apple: In Progress
2026-10-04T10:04:05Z Apple: In Progress
2026-10-04T10:05:05Z Apple: In Progress
2026-10-04T10:06:06Z Apple: In Progress
2026-10-04T10:07:07Z Apple: In Progress
2026-10-04T10:08:08Z Apple: In Progress
2026-10-04T10:09:08Z Apple: In Progress
2026-10-04T10:10:09Z Apple: In Progress
2026-10-04T10:11:10Z Apple: In Progress
2026-10-04T10:12:11Z Apple: In Progress
2026-10-04T10:13:12Z Apple: In Progress
2026-10-04T10:14:12Z Apple: In Progress
2026-10-04T10:15:13Z Apple: In Progress
2026-10-04T10:16:14Z Apple: In Progress
2026-10-04T10:17:14Z Apple: In Progress
2026-10-04T10:18:15Z Apple: In Progress
2026-10-04T10:19:16Z Apple: In Progress
2026-10-04T10:20:16Z Apple: In Progress
2026-10-04T10:21:17Z Apple: In Progress
2026-10-04T10:22:18Z Apple: In Progress
2026-10-04T10:23:18Z Apple: In Progress
2026-10-04T10:24:19Z Apple: In Progress
2026-10-04T10:25:20Z Apple: In Progress
2026-10-04T10:26:20Z Apple: In Progress
2026-10-04T10:27:21Z Apple: In Progress
2026-10-04T10:28:21Z Apple: In Progress
2026-10-04T10:29:22Z Apple: In Progress
2026-10-04T10:30:23Z Apple: In Progress
2026-10-04T10:31:23Z Apple: In Progress
2026-10-04T10:32:24Z Apple: In Progress
2026-10-04T10:33:25Z Apple: In Progress
2026-10-04T10:34:26Z Apple: In Progress
2026-10-04T10:35:26Z Apple: In Progress
2026-10-04T10:36:27Z Apple: In Progress
2026-10-04T10:37:27Z Apple: In Progress
2026-10-04T10:38:28Z Apple: In Progress
2026-10-04T10:39:29Z Apple: In Progress
2026-10-04T10:40:29Z Apple: In Progress
2026-10-04T10:41:30Z Apple: In Progress
2026-10-04T10:42:30Z Apple: In Progress
2026-10-04T10:43:31Z Apple: In Progress
2026-10-04T10:44:32Z Apple: In Progress
2026-10-04T10:45:32Z Apple: In Progress
2026-10-04T10:46:33Z Apple: In Progress
2026-10-04T10:47:33Z Apple: In Progress
2026-10-04T10:48:34Z Apple: In Progress
2026-10-04T10:49:35Z Apple: In Progress
2026-10-04T10:50:36Z Apple: In Progress
2026-10-04T10:51:36Z Apple: In Progress
2026-10-04T10:52:37Z Apple: In Progress
2026-10-04T10:53:38Z Apple: In Progress
2026-10-04T10:54:38Z Apple: In Progress
2026-10-04T10:55:39Z Apple: In Progress
2026-10-04T10:56:40Z Apple: In Progress
2026-10-04T10:57:40Z Apple: In Progress
2026-10-04T10:58:41Z Apple: In Progress
2026-10-04T10:59:42Z Apple: In Progress
2026-10-04T11:00:42Z Apple: In Progress
2026-10-04T11:01:43Z Apple: In Progress
2026-10-04T11:02:44Z Apple: In Progress
2026-10-04T11:03:44Z Apple: In Progress
2026-10-04T11:04:45Z Apple: In Progress
2026-10-04T11:05:46Z Apple: In Progress
2026-10-04T11:06:46Z Apple: In Progress
2026-10-04T11:07:47Z Apple: In Progress
2026-10-04T11:08:48Z Apple: In Progress
2026-10-04T11:09:48Z Apple: In Progress
2026-10-04T11:10:49Z Apple: In Progress
2026-10-04T11:11:50Z Apple: In Progress
2026-10-04T11:12:50Z Apple: In Progress
2026-10-04T11:13:51Z Apple: In Progress
2026-10-04T11:14:52Z Apple: In Progress
2026-10-04T11:15:52Z Apple: In Progress
2026-10-04T11:16:53Z Apple: In Progress
2026-10-04T11:17:54Z Apple: In Progress
2026-10-04T11:18:54Z Apple: In Progress
2026-10-04T11:19:55Z Apple: In Progress
2026-10-04T11:20:55Z Apple: In Progress
2026-10-04T11:21:56Z Apple: In Progress
2026-10-04T11:22:56Z Apple: In Progress
2026-10-04T11:23:57Z Apple: In Progress
2026-10-04T11:24:57Z Apple: In Progress
2026-10-04T11:25:58Z Apple: In Progress
2026-10-04T11:26:59Z Apple: In Progress
2026-10-04T11:27:59Z Apple: In Progress
2026-10-04T11:29:00Z Apple: In Progress
2026-10-04T11:30:01Z Apple: In Progress
2026-10-04T11:31:01Z Apple: In Progress
2026-10-04T11:32:02Z Apple: In Progress
2026-10-04T11:33:03Z Apple: In Progress
2026-10-04T11:34:03Z Apple: In Progress
2026-10-04T11:35:04Z Apple: In Progress
2026-10-04T11:36:04Z Apple: In Progress
2026-10-04T11:37:05Z Apple: In Progress
2026-10-04T11:38:06Z Apple: In Progress
2026-10-04T11:39:06Z Apple: In Progress
2026-10-04T11:40:07Z Apple: In Progress
2026-10-04T11:41:07Z Apple: In Progress
2026-10-04T11:42:08Z Apple: In Progress
2026-10-04T11:43:08Z Apple: In Progress
2026-10-04T11:44:09Z Apple: In Progress
2026-10-04T11:45:10Z Apple: In Progress
2026-10-04T11:46:10Z Apple: In Progress
2026-10-04T11:47:11Z Apple: In Progress
2026-10-04T11:48:11Z Apple: In Progress
2026-10-04T11:49:12Z Apple: In Progress
2026-10-04T11:50:12Z Apple: In Progress
2026-10-04T11:51:13Z Apple: In Progress
2026-10-04T11:52:13Z Apple: In Progress
2026-10-04T11:53:14Z Apple: In Progress
2026-10-04T11:54:14Z Apple: In Progress
2026-10-04T11:55:15Z Apple: In Progress
2026-10-04T11:56:16Z Apple: In Progress
2026-10-04T11:57:16Z Apple: In Progress
2026-10-04T11:58:17Z Apple: In Progress
2026-10-04T11:59:18Z Apple: In Progress
2026-10-04T12:00:18Z Apple: In Progress
2026-10-04T12:01:19Z Apple: In Progress
2026-10-04T12:02:20Z Apple: In Progress
2026-10-04T12:03:20Z Apple: In Progress
2026-10-04T12:04:21Z Apple: In Progress
2026-10-04T12:05:21Z Apple: In Progress
2026-10-04T12:06:22Z Apple: In Progress
2026-10-04T12:07:23Z Apple: In Progress
2026-10-04T12:08:23Z Apple: In Progress
2026-10-04T12:09:24Z Apple: In Progress
2026-10-04T12:10:25Z Apple: In Progress
2026-10-04T12:11:26Z Apple: In Progress
2026-10-04T12:12:26Z Apple: In Progress
2026-10-04T12:13:27Z Apple: In Progress
2026-10-04T12:14:28Z Apple: In Progress
2026-10-04T12:15:28Z Apple: In Progress
2026-10-04T12:16:29Z Apple: In Progress
2026-10-04T12:17:30Z Apple: In Progress
2026-10-04T12:18:30Z Apple: In Progress
2026-10-04T12:19:31Z Apple: In Progress
2026-10-04T12:20:32Z Apple: In Progress
2026-10-04T12:21:33Z Apple: In Progress
2026-10-04T12:22:33Z Apple: In Progress
2026-10-04T12:23:34Z Apple: In Progress
2026-10-04T12:24:35Z Apple: In Progress
2026-10-04T12:25:35Z Apple: In Progress
2026-10-04T12:26:36Z Apple: In Progress
2026-10-04T12:27:36Z Apple: In Progress
2026-10-04T12:28:37Z Apple: In Progress
2026-10-04T12:29:38Z Apple: In Progress
2026-10-04T12:30:38Z Apple: In Progress
2026-10-04T12:31:39Z Apple: In Progress
2026-10-04T12:32:40Z Apple: In Progress
2026-10-04T12:33:40Z Apple: In Progress
2026-10-04T12:34:41Z Apple: In Progress
2026-10-04T12:35:42Z Apple: In Progress
2026-10-04T12:36:42Z Apple: In Progress
2026-10-04T12:37:43Z Apple: In Progress
2026-10-04T12:38:43Z Apple: In Progress
2026-10-04T12:39:44Z Apple: In Progress
2026-10-04T12:40:45Z Apple: In Progress
2026-10-04T12:41:45Z Apple: In Progress
2026-10-04T12:42:46Z Apple: In Progress
2026-10-04T12:43:47Z Apple: In Progress
2026-10-04T12:44:47Z Apple: In Progress
2026-10-04T12:45:48Z Apple: In Progress
2026-10-04T12:46:48Z Apple: In Progress
2026-10-04T12:47:49Z Apple: Accepted
PASS full archive finalised
PASS signed feed prepared
PASS publication inputs for 1.7.9 build 63 at 4d8cda805cd938df919776498193cdd10ff48714
PASS release and feed published
PASS public downloads and feed verified
