PASS 273 campaign fixture hashes and coverage manifest
PASS 1 saved 10 lost 0 reserve 10
PASS 2 saved 12 lost 0 reserve 10
PASS 3 saved 10 lost 1 reserve 9
PASS 4 saved 10 lost 2 reserve 10
PASS 5 saved 1 lost 9 reserve 10
PASS 10 saved 10 lost 2 reserve 10
PASS 13 saved 1 lost 12 reserve 10
PASS 15 saved 1 lost 22 reserve 0
PASS 16 saved 1 lost 11 reserve 10
PASS 18 saved 1 lost 10 reserve 9
PASS 19 saved 1 lost 21 reserve 0
PASS 21 saved 3 lost 17 reserve 0
PASS 29 saved 1 lost 13 reserve 8
PASS 101 saved 9 lost 1 reserve 10
PASS 102 saved 5 lost 5 reserve 10
PASS 103 saved 1 lost 9 reserve 10
PASS 104 saved 3 lost 19 reserve 0
PASS 105 saved 5 lost 6 reserve 10
PASS 107 saved 6 lost 5 reserve 10
PASS 108 saved 1 lost 19 reserve 0
PASS 111 saved 1 lost 10 reserve 9
PASS 113 saved 6 lost 7 reserve 7
PASS 114 saved 1 lost 11 reserve 9
PASS 116 saved 2 lost 20 reserve 0
PASS 119 saved 10 lost 4 reserve 10
PASS 120 saved 3 lost 18 reserve 0
PASS 201 saved 10 lost 0 reserve 10
PASS 202 saved 1 lost 21 reserve 0
PASS 203 saved 1 lost 9 reserve 10
PASS 204 saved 10 lost 0 reserve 10
PASS 209 saved 1 lost 13 reserve 10
PASS 210 saved 1 lost 11 reserve 9
PASS 214 saved 6 lost 17 reserve 0
PASS 215 saved 2 lost 19 reserve 0
PASS 217 saved 10 lost 14 reserve 0
PASS 218 saved 10 lost 8 reserve 10
PASS 222 saved 1 lost 10 reserve 10
PASS 223 saved 1 lost 11 reserve 10
PASS 226 saved 10 lost 0 reserve 10
PASS 228 saved 1 lost 23 reserve 0
PASS 230 saved 1 lost 15 reserve 10
Verified 41 distinct L3 levels. No fixture for 49: [6, 7, 8, 9, 11, 12, 14, 17, 20, 22, 23, 24, 25, 26, 27, 28, 30, 106, 109, 110, 112, 115, 117, 118, 121, 122, 123, 124, 125, 126, 127, 128, 129, 130, 205, 206, 207, 208, 211, 212, 213, 216, 219, 220, 221, 224, 225, 227, 229]
PASS L3 missing fixture, population, level hash, level number, outcome, rejected input and ordering gates
