UI test windows: offscreen; audio: muted
PASS all eight terrain rotations/flips at native Mac resolution
PASS orig_dirt: A_Beast_of_a_level.nxlv
PASS ohno_snow: A_Block_from_Home.nxlv
PASS orig_fire: A_task_for_bombers.nxlv
PASS orig_marble: Builders_will_help_you_here.nxlv
PASS orig_crystal: Careless_clicking_costs_lives.nxlv
PASS orig_crystal: Catch_more_floaters..nxlv
PASS ohno_snow: CindyLand.nxlv
PASS orig_pillar: Darkness_of_the_royal_family.nxlv
PASS orig_fire: Doomsday.nxlv
PASS ohno_bubble: Downwardly_Mobile_Lemmings.nxlv
PASS ohno_rock: Get_a_little_extra_help.nxlv
PASS orig_marble: Going_Their_Separate_Ways.nxlv
PASS orig_dirt: Just_dig!.nxlv
PASS orig_marble: Keep_your_hair_on,_Mr._Lemming.nxlv
PASS orig_dirt: Konnichiwa_Lemming-san.nxlv
PASS orig_fire: Lemming_toast.nxlv
PASS orig_marble: Lemmings_in_the_attic.nxlv
PASS orig_marble: Let's_be_careful_out_there.nxlv
PASS orig_crystal: Let's_go_to_the_moon!.nxlv
PASS orig_marble: Now_use_miners_and_climbers.nxlv
PASS orig_pillar: Only_floaters_can_survive_this.nxlv
PASS orig_pillar: Patience.nxlv
PASS orig_pillar: Pillar_talking.nxlv
PASS ohno_snow: Quest_for_Kieran.nxlv
PASS orig_marble: Rainbow_Island.nxlv
PASS ohno_brick: Snuggle_up_to_a_Lemming.nxlv
PASS orig_pillar: Tailor-made_for_blockers.nxlv
PASS orig_pillar: The_Crankshaft.nxlv
PASS orig_pillar: Turn_around,_young_lemmings!.nxlv
PASS orig_fire: Where_do_you_see_Lemmings_.nxlv
PASS orig_dirt: You_Live_and_Lem.nxlv
PASS orig_crystal: You_need_bashers_this_time.nxlv
PASS orig_pillar: Anxiety.nxlv
PASS ohno_brick: Be_more_than_just_a_number.nxlv
PASS ohno_brick: Creature_Discomforts.nxlv
PASS orig_fire: Down,_along,_up,_in_that_order.nxlv
PASS orig_crystal: Evacuating_a_coal_mine.nxlv
PASS orig_crystal: Everyone's_a_hard_nut..nxlv
PASS orig_marble: Evil_whisper.nxlv
PASS orig_pillar: Fall_and_no_life_(Part_Two).nxlv
PASS orig_fire: Final_impediment.nxlv
PASS orig_pillar: Fix_the_road,_quick!.nxlv
PASS orig_crystal: Hello_John!_Got_a_New_Lemming_.nxlv
PASS orig_marble: I_am_A.T..nxlv
PASS orig_marble: It's_hero_time!.nxlv
PASS ohno_brick: Lemming_about_town.nxlv
PASS orig_marble: Lemmings'_Ark.nxlv
PASS ohno_brick: Lemmings_in_a_situation.nxlv
PASS orig_marble: Let's_go_camping..nxlv
PASS orig_pillar: Move_on_in_two_separate_groups..nxlv
PASS orig_marble: No_added_colours_or_Lemmings.nxlv
PASS orig_crystal: No_hurry,_relax..nxlv
PASS orig_crystal: Private_room_available.nxlv
PASS orig_sega: SEGA_Four.nxlv
PASS orig_pillar: Save_Me.nxlv
PASS ohno_rock: Scaling_the_Heights.nxlv
PASS orig_fire: The_Boiler_Room.nxlv
PASS orig_pillar: The_Great_Lemming_Caper.nxlv
PASS orig_dirt: The_Steel_Mines_of_Kessel.nxlv
PASS ohno_brick: There's_madness_in_the_method.nxlv
PASS ohno_brick: This_Corrosion.nxlv
PASS orig_fire: Watch_right_or_left_(Part_Two).nxlv
PASS orig_marble: Water_processing_plant.nxlv
PASS orig_fire: Which_one_are_you_trying_to_get_.nxlv
PASS ohno_brick: AAAAAARRRRRRGGGGGGHHHHHH!!!!!!.nxlv
PASS orig_dirt: A_BeastII_of_a_level.nxlv
PASS orig_marble: Acrophobia.nxlv
PASS ohno_snow: Chill_out!.nxlv
PASS orig_marble: Come_on_over_to_my_place.nxlv
PASS ohno_bubble: Down_the_tube.nxlv
PASS orig_crystal: Electric_circuit.nxlv
PASS orig_pillar: Fall_and_no_life..nxlv
PASS orig_pillar: If_at_first_you_don't_succeed....nxlv
PASS orig_marble: Is_this_a_circus_.nxlv
PASS orig_marble: It's_not_over_till_it's_over.nxlv
PASS orig_marble: Just_a_Minute....nxlv
PASS orig_marble: Just_a_Minute_(Part_Two).nxlv
PASS orig_fire: Let's_get_together..nxlv
PASS orig_marble: No_world_without_you.nxlv
PASS ohno_brick: Old_MacDonald_Had_a_Farm....nxlv
PASS orig_fire: Out,_away_from_the_tune.nxlv
PASS orig_crystal: POOR_WEE_CREATURES!.nxlv
PASS orig_marble: Poles_Apart.nxlv
PASS ohno_rock: ROCKY_VI.nxlv
PASS ohno_snow: Steel_Block_Party.nxlv
PASS ohno_brick: Synchronised_Lemming.nxlv
PASS ohno_brick: THE_SILENCE_OF_THE_LEMMINGS.nxlv
PASS ohno_brick: Temple_of_Love.nxlv
PASS ohno_brick: The_Lemming_Funhouse.nxlv
PASS orig_pillar: The_gate_trap_Lemmings..nxlv
PASS ohno_snow: The_race_against_cliches.nxlv
PASS orig_fire: Triple_Trouble.nxlv
PASS orig_dirt: Upside-down_World.nxlv
PASS orig_dirt: Watch_your_fingertip!.nxlv
PASS ohno_rock: Where_Lemmings_Dare.nxlv
PASS orig_marble: With_a_twist_of_lemming,_please.nxlv
PASS orig_crystal: A_Spot_of_Bother.nxlv
PASS orig_dirt: And_then_there_were_four....nxlv
PASS orig_pillar: Cascade.nxlv
PASS ohno_bubble: DON'T_PANIC.nxlv
PASS ohno_snow: Emmings!__(No_L).nxlv
PASS orig_pillar: Exodus!.nxlv
PASS orig_fire: Go_for_it!.nxlv
PASS orig_dirt: Haunted_botanical_garden.nxlv
PASS orig_pillar: It's_Lemmingentry,_Watson.nxlv
PASS orig_fire: Izzie_Wizzie_lemmings_get_busy.nxlv
PASS ohno_bubble: Just_a_Quicky.nxlv
PASS orig_crystal: Keep_all_enemies_out..nxlv
PASS orig_marble: Lunch_time.nxlv
PASS orig_dirt: MENACING_!!.nxlv
PASS ohno_rock: Meeting_Adjourned.nxlv
PASS orig_pillar: Mr_Lemmy_Lives_Next_Door.nxlv
PASS orig_crystal: No_choice_but_to_follow_them.nxlv
PASS orig_dirt: One_way_or_another.nxlv
PASS orig_dirt: Over_the_wall.nxlv
PASS orig_pillar: Perseverance.nxlv
PASS ohno_snow: Plethora_of_Presents.nxlv
PASS ohno_bubble: PoP_YoR_ToP!!!.nxlv
PASS orig_crystal: Speed_Trap.nxlv
PASS ohno_brick: Take_care,_Sweetie.nxlv
PASS orig_pillar: Tension_Sheet,_Good_Idea.nxlv
PASS orig_dirt: The_Far_Side.nxlv
PASS orig_dirt: The_Island_of_the_Wicker_people.nxlv
PASS ohno_snow: The_Long_Way_Around.nxlv
PASS ohno_snow: The_Needs_of_the_Many....nxlv
PASS orig_pillar: The_runaround.nxlv
PASS orig_pillar: Tunnel_vision.nxlv
PASS ohno_rock: Vacation_in_Gemland.nxlv
PASS ohno_brick: Across_the_Gap.nxlv
PASS orig_marble: Compression_Method_1.nxlv
PASS ohno_brick: Dolly_Dimple.nxlv
PASS orig_marble: Don't_leave_any_Lemmings.nxlv
PASS ohno_bubble: Flow_Control.nxlv
PASS ohno_snow: Four_Play.nxlv
PASS ohno_brick: Got_anything..._Lemmingy___.nxlv
PASS orig_pillar: Have_a_nice_day!.nxlv
PASS orig_marble: I_have_a_cunning_plan.nxlv
PASS orig_dirt: Jump_down!.nxlv
PASS ohno_rock: KEEP_ON_TRUCKING.nxlv
PASS orig_pillar: LEMTRIS.nxlv
PASS orig_fire: Last_one_out_is_a_rotten_egg!.nxlv
PASS ohno_brick: LeMming_ToMato_KetchUp_fAcilitY.nxlv
PASS orig_fire: Lemming_Lament.nxlv
PASS ohno_snow: Lemmy_in_the_cold,_cold_ground.nxlv
PASS ohno_brick: Mutiny_on_the_Bounty.nxlv
PASS orig_crystal: No_justice_for_the_hero.nxlv
PASS orig_fire: No_time_for_a_detour.nxlv
PASS ohno_brick: ONWARD_AND_UPWARD.nxlv
PASS orig_fire: Pitfall.nxlv
PASS orig_marble: Postcard_from_Lemmingland.nxlv
PASS ohno_rock: ROCKY_ROAD.nxlv
PASS ohno_snow: SNOW_JOKE.nxlv
PASS orig_dirt: Temporary_peace.nxlv
PASS ohno_snow: The_North_Poles.nxlv
PASS orig_fire: The_bridge_is_breaking_down..nxlv
PASS orig_marble: Twins.nxlv
PASS orig_dirt: Watch_out,_there's_traps_about.nxlv
PASS orig_dirt: What_an_AWESOME_level.nxlv
PASS orig_marble: With_a_little_help_from_my_Lem.nxlv
PASS ohno_brick: Worra_load_of_old_blocks!.nxlv
PASS 160 Redux levels, 149 Mac terrain scenes, 393 Mac gadgets; original pixels, masks and configuration unchanged
