/Users/veland/Lemmings/Sources/LemmingsLocal/ReleaseWelcome.swift:47:28: warning: 'copiesOnScroll' was deprecated in macOS 11.0: Setting this property has no effect.  NSClipView will always minimize the area of the document view that is invalidated.  To force invalidation of the document view, use -[NSView setNeedsDisplayInRect:]. [#DeprecatedDeclaration]
45 |         scroll.hasHorizontalScroller = false
46 |         scroll.drawsBackground = false
47 |         scroll.contentView.copiesOnScroll = false
   |                            `- warning: 'copiesOnScroll' was deprecated in macOS 11.0: Setting this property has no effect.  NSClipView will always minimize the area of the document view that is invalidated.  To force invalidation of the document view, use -[NSView setNeedsDisplayInRect:]. [#DeprecatedDeclaration]
48 |         scroll.scrollerStyle = .overlay
49 |         scroll.setAccessibilityLabel("Release notes")

[#DeprecatedDeclaration]: <https://docs.swift.org/compiler/documentation/diagnostics/deprecated-declaration>
/Users/veland/Lemmings/.build/release-1.8.4/integration/main.swift:5845:17: warning: 'allowedFileTypes' was deprecated in macOS 12.0: Use -allowedContentTypes instead [#DeprecatedDeclaration]
 5843 |       openPanel.canChooseFiles = true
 5844 |       openPanel.canChooseDirectories = false
 5845 |       openPanel.allowedFileTypes = ["nxlv"]
      |                 `- warning: 'allowedFileTypes' was deprecated in macOS 12.0: Use -allowedContentTypes instead [#DeprecatedDeclaration]
 5846 |       openPanel.message = "Choose a NeoLemmix level file."
 5847 |       guard let url = await GameScreen.shared.chooseFile(openPanel) else { return }

/Users/veland/Lemmings/.build/release-1.8.4/integration/main.swift:7080:17: warning: 'allowedFileTypes' was deprecated in macOS 12.0: Use -allowedContentTypes instead [#DeprecatedDeclaration]
 7078 |       openPanel.canChooseFiles = true
 7079 |       openPanel.canChooseDirectories = false
 7080 |       openPanel.allowedFileTypes = ["dsk", "img", "dmg", "hfs"]
      |                 `- warning: 'allowedFileTypes' was deprecated in macOS 12.0: Use -allowedContentTypes instead [#DeprecatedDeclaration]
 7081 |       openPanel.message = "Choose a Macintosh Lemmings disk image."
 7082 |       guard let url = await GameScreen.shared.chooseFile(openPanel) else { return }

/Users/veland/Lemmings/.build/release-1.8.4/integration/main.swift:7550:22: warning: result of call to 'beginContinuousRewind(preservingOrigin:advanceImmediately:)' is unused [#NoUsage]
 7548 |     keyboard.controllerRewindHeld = { [weak self] held in
 7549 |       guard let self else { return }
 7550 |       if held { self.beginContinuousRewind() }
      |                      `- warning: result of call to 'beginContinuousRewind(preservingOrigin:advanceImmediately:)' is unused [#NoUsage]
 7551 |       else if self.rewindHeld { self.endContinuousRewind() }
 7552 |     }

[#DeprecatedDeclaration]: <https://docs.swift.org/compiler/documentation/diagnostics/deprecated-declaration>
[#NoUsage]: <https://docs.swift.org/compiler/documentation/diagnostics/no-usage>
UI test windows: offscreen; audio: muted
PASS release notes stay clipped and scrollable at three sizes; Continue remains visible and usable
