/Users/veland/Lemmings/Sources/LemmingsLocal/ReleaseWelcome.swift:45:28: warning: 'copiesOnScroll' was deprecated in macOS 11.0: Setting this property has no effect.  NSClipView will always minimize the area of the document view that is invalidated.  To force invalidation of the document view, use -[NSView setNeedsDisplayInRect:]. [#DeprecatedDeclaration]
43 |         scroll.hasHorizontalScroller = false
44 |         scroll.drawsBackground = false
45 |         scroll.contentView.copiesOnScroll = false
   |                            `- warning: 'copiesOnScroll' was deprecated in macOS 11.0: Setting this property has no effect.  NSClipView will always minimize the area of the document view that is invalidated.  To force invalidation of the document view, use -[NSView setNeedsDisplayInRect:]. [#DeprecatedDeclaration]
46 |         scroll.scrollerStyle = .overlay
47 |         scroll.setAccessibilityLabel("Release notes")

[#DeprecatedDeclaration]: <https://docs.swift.org/compiler/documentation/diagnostics/deprecated-declaration>
/Users/veland/Lemmings/Sources/LemmingsLocal/main.swift:5984:17: warning: 'allowedFileTypes' was deprecated in macOS 12.0: Use -allowedContentTypes instead [#DeprecatedDeclaration]
5982 |       openPanel.canChooseFiles = true
5983 |       openPanel.canChooseDirectories = false
5984 |       openPanel.allowedFileTypes = ["nxlv"]
     |                 `- warning: 'allowedFileTypes' was deprecated in macOS 12.0: Use -allowedContentTypes instead [#DeprecatedDeclaration]
5985 |       openPanel.message = "Choose a NeoLemmix level file."
5986 |       guard let url = await GameScreen.shared.chooseFile(openPanel) else { return }

/Users/veland/Lemmings/Sources/LemmingsLocal/main.swift:7222:17: warning: 'allowedFileTypes' was deprecated in macOS 12.0: Use -allowedContentTypes instead [#DeprecatedDeclaration]
7220 |       openPanel.canChooseFiles = true
7221 |       openPanel.canChooseDirectories = false
7222 |       openPanel.allowedFileTypes = ["dsk", "img", "dmg", "hfs"]
     |                 `- warning: 'allowedFileTypes' was deprecated in macOS 12.0: Use -allowedContentTypes instead [#DeprecatedDeclaration]
7223 |       openPanel.message = "Choose a Macintosh Lemmings disk image."
7224 |       guard let url = await GameScreen.shared.chooseFile(openPanel) else { return }

/Users/veland/Lemmings/Sources/LemmingsLocal/main.swift:7692:22: warning: result of call to 'beginContinuousRewind(preservingOrigin:advanceImmediately:)' is unused [#NoUsage]
7690 |     keyboard.controllerRewindHeld = { [weak self] held in
7691 |       guard let self else { return }
7692 |       if held { self.beginContinuousRewind() }
     |                      `- warning: result of call to 'beginContinuousRewind(preservingOrigin:advanceImmediately:)' is unused [#NoUsage]
7693 |       else if self.rewindHeld { self.endContinuousRewind() }
7694 |     }

[#DeprecatedDeclaration]: <https://docs.swift.org/compiler/documentation/diagnostics/deprecated-declaration>
[#NoUsage]: <https://docs.swift.org/compiler/documentation/diagnostics/no-usage>
/Users/veland/Lemmings/Sources/LemmingsLocal/ReleaseWelcome.swift:45:28: warning: 'copiesOnScroll' was deprecated in macOS 11.0: Setting this property has no effect.  NSClipView will always minimize the area of the document view that is invalidated.  To force invalidation of the document view, use -[NSView setNeedsDisplayInRect:]. [#DeprecatedDeclaration]
43 |         scroll.hasHorizontalScroller = false
44 |         scroll.drawsBackground = false
45 |         scroll.contentView.copiesOnScroll = false
   |                            `- warning: 'copiesOnScroll' was deprecated in macOS 11.0: Setting this property has no effect.  NSClipView will always minimize the area of the document view that is invalidated.  To force invalidation of the document view, use -[NSView setNeedsDisplayInRect:]. [#DeprecatedDeclaration]
46 |         scroll.scrollerStyle = .overlay
47 |         scroll.setAccessibilityLabel("Release notes")

[#DeprecatedDeclaration]: <https://docs.swift.org/compiler/documentation/diagnostics/deprecated-declaration>
/Users/veland/Lemmings/Sources/LemmingsLocal/main.swift:5984:17: warning: 'allowedFileTypes' was deprecated in macOS 12.0: Use -allowedContentTypes instead [#DeprecatedDeclaration]
5982 |       openPanel.canChooseFiles = true
5983 |       openPanel.canChooseDirectories = false
5984 |       openPanel.allowedFileTypes = ["nxlv"]
     |                 `- warning: 'allowedFileTypes' was deprecated in macOS 12.0: Use -allowedContentTypes instead [#DeprecatedDeclaration]
5985 |       openPanel.message = "Choose a NeoLemmix level file."
5986 |       guard let url = await GameScreen.shared.chooseFile(openPanel) else { return }

/Users/veland/Lemmings/Sources/LemmingsLocal/main.swift:7222:17: warning: 'allowedFileTypes' was deprecated in macOS 12.0: Use -allowedContentTypes instead [#DeprecatedDeclaration]
7220 |       openPanel.canChooseFiles = true
7221 |       openPanel.canChooseDirectories = false
7222 |       openPanel.allowedFileTypes = ["dsk", "img", "dmg", "hfs"]
     |                 `- warning: 'allowedFileTypes' was deprecated in macOS 12.0: Use -allowedContentTypes instead [#DeprecatedDeclaration]
7223 |       openPanel.message = "Choose a Macintosh Lemmings disk image."
7224 |       guard let url = await GameScreen.shared.chooseFile(openPanel) else { return }

/Users/veland/Lemmings/Sources/LemmingsLocal/main.swift:7692:22: warning: result of call to 'beginContinuousRewind(preservingOrigin:advanceImmediately:)' is unused [#NoUsage]
7690 |     keyboard.controllerRewindHeld = { [weak self] held in
7691 |       guard let self else { return }
7692 |       if held { self.beginContinuousRewind() }
     |                      `- warning: result of call to 'beginContinuousRewind(preservingOrigin:advanceImmediately:)' is unused [#NoUsage]
7693 |       else if self.rewindHeld { self.endContinuousRewind() }
7694 |     }

[#DeprecatedDeclaration]: <https://docs.swift.org/compiler/documentation/diagnostics/deprecated-declaration>
[#NoUsage]: <https://docs.swift.org/compiler/documentation/diagnostics/no-usage>
/Users/veland/Lemmings/.build/release-1.8.5/standard/Ultimate Lemmings.app: replacing existing signature
