PASS Fun 1: 10/1 in 662 ticks
PASS Fun 2: 10/1 in 605 ticks
PASS Fun 3: 47/5 in 5100 ticks
PASS Fun 4: 10/10 in 874 ticks
PASS Fun 5: 50/5 in 1929 ticks
PASS Fun 6: 48/10 in 1695 ticks
PASS Fun 7: 50/25 in 924 ticks
PASS Fun 8: 80/76 in 1448 ticks
PASS Fun 9: 80/72 in 535 ticks
PASS Fun 10: 20/10 in 470 ticks
PASS Fun 11: 60/50 in 1332 ticks
PASS Fun 12: 80/40 in 3832 ticks
PASS Fun 13: 20/20 in 1753 ticks
PASS Fun 14: 80/60 in 4259 ticks
PASS Fun 15: 80/40 in 6347 ticks
PASS Fun 16: 80/50 in 3470 ticks
PASS Fun 17: 50/20 in 1226 ticks
PASS Fun 18: 65/50 in 1293 ticks
PASS Fun 19: 80/56 in 3313 ticks
PASS Fun 20: 50/30 in 1573 ticks
PASS Fun 21: 80/48 in 2781 ticks
PASS Fun 22: 80/64 in 3991 ticks
PASS Fun 23: 80/20 in 4028 ticks
PASS Fun 24: 30/20 in 872 ticks
PASS Fun 25: 80/40 in 1037 ticks
PASS Fun 26: 2/2 in 2315 ticks
PASS Fun 27: 50/25 in 814 ticks
PASS Fun 28: 80/48 in 2622 ticks
PASS Fun 29: 80/48 in 2714 ticks
PASS Fun 30: 60/40 in 661 ticks
PASS Tricky 1: 80/40 in 2943 ticks
PASS Tricky 2: 40/40 in 2813 ticks
PASS Tricky 3: 80/40 in 2784 ticks
PASS Tricky 4: 80/16 in 5341 ticks
PASS Tricky 5: 80/16 in 2018 ticks
PASS Tricky 6: 5/4 in 1258 ticks
PASS Tricky 7: 75/55 in 3423 ticks
PASS Tricky 8: 80/48 in 2932 ticks
PASS Tricky 9: 75/70 in 3641 ticks
PASS Tricky 10: 80/74 in 3594 ticks
PASS Tricky 11: 50/42 in 2549 ticks
PASS Tricky 12: 50/40 in 3867 ticks
PASS Tricky 13: 80/56 in 2895 ticks
PASS Tricky 14: 80/70 in 4653 ticks
PASS Tricky 15: 7/6 in 835 ticks
PASS Tricky 16: 46/40 in 2968 ticks
PASS Tricky 17: 48/48 in 1694 ticks
PASS Tricky 18: 9/9 in 902 ticks
PASS Tricky 19: 50/50 in 2938 ticks
PASS Tricky 20: 80/76 in 1822 ticks
PASS Tricky 21: 66/44 in 3899 ticks
PASS Tricky 22: 80/72 in 1448 ticks
PASS Tricky 23: 79/48 in 847 ticks
PASS Tricky 24: 80/75 in 1874 ticks
PASS Tricky 25: 80/10 in 2434 ticks
PASS Tricky 26: 80/80 in 696 ticks
PASS Tricky 27: 80/72 in 3840 ticks
PASS Tricky 28: 80/72 in 1525 ticks
PASS Tricky 29: 80/79 in 2799 ticks
PASS Tricky 30: 80/72 in 3156 ticks
PASS Taxing 1: 80/79 in 4043 ticks
PASS Taxing 2: 80/64 in 4041 ticks
PASS Taxing 3: 80/80 in 2028 ticks
PASS Taxing 4: 40/30 in 3850 ticks
PASS Taxing 5: 60/45 in 1799 ticks
PASS Taxing 6: 50/30 in 1517 ticks
PASS Taxing 7: 79/78 in 2773 ticks
PASS Taxing 8: 80/80 in 2018 ticks
PASS Taxing 9: 20/20 in 470 ticks
PASS Taxing 10: 5/5 in 1258 ticks
PASS Taxing 11: 50/50 in 2603 ticks
PASS Taxing 12: 10/8 in 1995 ticks
PASS Taxing 13: 80/79 in 3506 ticks
PASS Taxing 14: 80/76 in 6566 ticks
PASS Taxing 15: 80/64 in 4672 ticks
PASS Taxing 16: 80/77 in 2370 ticks
PASS Taxing 17: 80/72 in 5427 ticks
PASS Taxing 18: 75/65 in 3612 ticks
PASS Taxing 19: 65/64 in 1293 ticks
PASS Taxing 20: 80/70 in 2551 ticks
PASS Taxing 21: 20/20 in 1755 ticks
PASS Taxing 22: 50/40 in 855 ticks
PASS Taxing 23: 80/76 in 2932 ticks
PASS Taxing 24: 80/79 in 2092 ticks
PASS Taxing 25: 80/72 in 3313 ticks
PASS Taxing 26: 80/79 in 2108 ticks
PASS Taxing 27: 77/48 in 2579 ticks
PASS Taxing 28: 70/56 in 2877 ticks
PASS Taxing 29: 80/76 in 2784 ticks
PASS Taxing 30: 60/60 in 1513 ticks
PASS Mayhem 1: 80/72 in 5328 ticks
PASS Mayhem 2: 80/72 in 2248 ticks
PASS Mayhem 3: 25/25 in 872 ticks
PASS Mayhem 4: 50/40 in 818 ticks
PASS Mayhem 5: 76/60 in 2236 ticks
PASS Mayhem 6: 75/75 in 3641 ticks
PASS Mayhem 7: 50/45 in 1573 ticks
PASS Mayhem 8: 80/72 in 3163 ticks
PASS Mayhem 9: 80/79 in 2817 ticks
PASS Mayhem 10: 73/50 in 2233 ticks
PASS Mayhem 11: 80/80 in 1773 ticks
PASS Mayhem 12: 75/75 in 3337 ticks
PASS Mayhem 13: 2/2 in 860 ticks
PASS Mayhem 14: 80/75 in 4506 ticks
PASS Mayhem 15: 80/60 in 2357 ticks
PASS Mayhem 16: 50/50 in 1000 ticks
PASS Mayhem 17: 80/70 in 3623 ticks
PASS Mayhem 18: 80/72 in 4982 ticks
PASS Mayhem 19: 48/46 in 3113 ticks
PASS Mayhem 20: 50/50 in 1233 ticks
PASS Mayhem 21: 50/50 in 3867 ticks
PASS Mayhem 22: 80/68 in 5091 ticks
PASS Mayhem 23: 80/64 in 5750 ticks
PASS Mayhem 24: 50/50 in 411 ticks
PASS Mayhem 25: 80/72 in 2601 ticks
PASS Mayhem 26: 76/60 in 8160 ticks
PASS Mayhem 27: 50/50 in 972 ticks
PASS Mayhem 28: 1/1 in 2827 ticks
PASS Mayhem 29: 78/64 in 5100 ticks
PASS Mayhem 30: 80/60 in 6175 ticks
Verified 120; missing or failed 0.
{'PROVED_FULL_RESCUE': 103, 'REFERENCE_RECORD_MATCHED': 120, 'UPPER_BOUND_UNPROVEN': 17}
