PASS report, 120 fixture hashes, and current engine fingerprint
PASS 273 campaign fixture hashes and coverage manifest
PASS Fun 1: 10/1 in 662 ticks
PASS Fun 2: 10/1 in 605 ticks
PASS Fun 3: 47/5 in 5100 ticks
PASS Fun 4: 10/10 in 874 ticks
PASS Fun 5: 50/5 in 1929 ticks
PASS Fun 6: 48/10 in 1695 ticks
PASS Fun 7: 50/25 in 924 ticks
PASS Fun 8: 80/76 in 1448 ticks
PASS Fun 9: 80/72 in 535 ticks
PASS Fun 10: 20/10 in 470 ticks
PASS Fun 11: 60/50 in 1332 ticks
PASS Fun 12: 80/40 in 3832 ticks
PASS Fun 13: 20/20 in 1753 ticks
PASS Fun 14: 80/60 in 4259 ticks
PASS Fun 15: 80/40 in 6347 ticks
PASS Fun 16: 80/50 in 3470 ticks
PASS Fun 17: 50/20 in 1226 ticks
PASS Fun 18: 65/50 in 1293 ticks
PASS Fun 19: 80/56 in 3313 ticks
PASS Fun 20: 50/30 in 1573 ticks
PASS Fun 21: 80/48 in 2781 ticks
PASS Fun 22: 80/64 in 3991 ticks
PASS Fun 23: 80/20 in 4028 ticks
PASS Fun 24: 30/20 in 872 ticks
PASS Fun 25: 80/40 in 1037 ticks
PASS Fun 26: 2/2 in 2315 ticks
PASS Fun 27: 50/25 in 814 ticks
PASS Fun 28: 80/48 in 2622 ticks
PASS Fun 29: 80/48 in 2714 ticks
PASS Fun 30: 60/40 in 661 ticks
PASS Tricky 1: 80/40 in 2943 ticks
PASS Tricky 2: 40/40 in 2813 ticks
PASS Tricky 3: 80/40 in 2784 ticks
PASS Tricky 4: 80/16 in 5341 ticks
PASS Tricky 5: 80/16 in 2018 ticks
PASS Tricky 6: 5/4 in 1258 ticks
PASS Tricky 7: 75/55 in 3423 ticks
PASS Tricky 8: 80/48 in 2932 ticks
PASS Tricky 9: 75/70 in 3641 ticks
PASS Tricky 10: 80/74 in 3594 ticks
PASS Tricky 11: 50/42 in 2549 ticks
PASS Tricky 12: 50/40 in 3867 ticks
PASS Tricky 13: 80/56 in 2895 ticks
PASS Tricky 14: 80/70 in 4653 ticks
PASS Tricky 15: 7/6 in 835 ticks
PASS Tricky 16: 46/40 in 2968 ticks
PASS Tricky 17: 48/48 in 1694 ticks
PASS Tricky 18: 9/9 in 902 ticks
PASS Tricky 19: 50/50 in 2938 ticks
PASS Tricky 20: 80/76 in 1822 ticks
PASS Tricky 21: 66/44 in 3899 ticks
PASS Tricky 22: 80/72 in 1448 ticks
PASS Tricky 23: 79/48 in 847 ticks
PASS Tricky 24: 80/75 in 1874 ticks
PASS Tricky 25: 80/10 in 2434 ticks
PASS Tricky 26: 80/80 in 696 ticks
PASS Tricky 27: 80/72 in 3840 ticks
PASS Tricky 28: 80/72 in 1525 ticks
PASS Tricky 29: 80/79 in 2799 ticks
PASS Tricky 30: 80/72 in 3156 ticks
PASS Taxing 1: 80/79 in 4043 ticks
PASS Taxing 2: 80/64 in 4041 ticks
PASS Taxing 3: 80/80 in 2028 ticks
PASS Taxing 4: 40/30 in 3850 ticks
PASS Taxing 5: 60/45 in 1799 ticks
PASS Taxing 6: 50/30 in 1517 ticks
PASS Taxing 7: 79/78 in 2773 ticks
PASS Taxing 8: 80/80 in 2018 ticks
PASS Taxing 9: 20/20 in 470 ticks
PASS Taxing 10: 5/5 in 1258 ticks
PASS Taxing 11: 50/50 in 2603 ticks
PASS Taxing 12: 10/8 in 1995 ticks
PASS Taxing 13: 80/79 in 3506 ticks
PASS Taxing 14: 80/76 in 6566 ticks
PASS Taxing 15: 80/64 in 4672 ticks
PASS Taxing 16: 80/77 in 2370 ticks
PASS Taxing 17: 80/72 in 5427 ticks
PASS Taxing 18: 75/65 in 3612 ticks
PASS Taxing 19: 65/64 in 1293 ticks
PASS Taxing 20: 80/70 in 2551 ticks
PASS Taxing 21: 20/20 in 1755 ticks
PASS Taxing 22: 50/40 in 855 ticks
PASS Taxing 23: 80/76 in 2932 ticks
PASS Taxing 24: 80/79 in 2092 ticks
PASS Taxing 25: 80/72 in 3313 ticks
PASS Taxing 26: 80/79 in 2108 ticks
PASS Taxing 27: 77/48 in 2579 ticks
PASS Taxing 28: 70/56 in 2877 ticks
PASS Taxing 29: 80/76 in 2784 ticks
PASS Taxing 30: 60/60 in 1513 ticks
PASS Mayhem 1: 80/72 in 5328 ticks
PASS Mayhem 2: 80/72 in 2248 ticks
PASS Mayhem 3: 25/25 in 872 ticks
PASS Mayhem 4: 50/40 in 818 ticks
PASS Mayhem 5: 76/60 in 2236 ticks
PASS Mayhem 6: 75/75 in 3641 ticks
PASS Mayhem 7: 50/45 in 1573 ticks
PASS Mayhem 8: 80/72 in 3163 ticks
PASS Mayhem 9: 80/79 in 2817 ticks
PASS Mayhem 10: 73/50 in 2233 ticks
PASS Mayhem 11: 80/80 in 1773 ticks
PASS Mayhem 12: 75/75 in 3337 ticks
PASS Mayhem 13: 2/2 in 860 ticks
PASS Mayhem 14: 80/75 in 4506 ticks
PASS Mayhem 15: 80/60 in 2357 ticks
PASS Mayhem 16: 50/50 in 1000 ticks
PASS Mayhem 17: 80/70 in 3623 ticks
PASS Mayhem 18: 80/72 in 4982 ticks
PASS Mayhem 19: 48/46 in 3113 ticks
PASS Mayhem 20: 50/50 in 1233 ticks
PASS Mayhem 21: 50/50 in 3867 ticks
PASS Mayhem 22: 80/68 in 5091 ticks
PASS Mayhem 23: 80/64 in 5750 ticks
PASS Mayhem 24: 50/50 in 411 ticks
PASS Mayhem 25: 80/72 in 2601 ticks
PASS Mayhem 26: 76/60 in 8160 ticks
PASS Mayhem 27: 50/50 in 972 ticks
PASS Mayhem 28: 1/1 in 2827 ticks
PASS Mayhem 29: 78/64 in 5100 ticks
PASS Mayhem 30: 80/60 in 6175 ticks
Verified 120; missing or failed 0.
PASS Tame 1: 50/25 in 2841 ticks
PASS Tame 2: 49/25 in 2928 ticks
PASS Tame 3: 50/25 in 3359 ticks
PASS Tame 4: 50/25 in 3098 ticks
PASS Tame 5: 46/25 in 3035 ticks
PASS Tame 6: 50/25 in 3060 ticks
PASS Tame 7: 49/25 in 3075 ticks
PASS Tame 8: 49/25 in 3033 ticks
PASS Tame 9: 49/25 in 4045 ticks
PASS Tame 10: 50/25 in 3191 ticks
PASS Tame 11: 50/25 in 2897 ticks
PASS Tame 12: 50/25 in 3066 ticks
PASS Tame 13: 50/25 in 3179 ticks
PASS Tame 14: 49/25 in 4080 ticks
PASS Tame 15: 49/25 in 3813 ticks
PASS Tame 16: 50/25 in 3026 ticks
PASS Tame 17: 50/25 in 2963 ticks
PASS Tame 18: 50/25 in 3208 ticks
PASS Tame 19: 49/25 in 3107 ticks
PASS Tame 20: 50/25 in 2933 ticks
PASS Crazy 1: 48/48 in 2508 ticks
PASS Crazy 2: 80/80 in 2847 ticks
PASS Crazy 3: 48/48 in 1105 ticks
PASS Crazy 4: 20/20 in 2494 ticks
PASS Crazy 5: 80/80 in 2587 ticks
PASS Crazy 6: 20/20 in 2783 ticks
PASS Crazy 7: 50/50 in 2769 ticks
PASS Crazy 8: 75/75 in 4080 ticks
PASS Crazy 9: 20/20 in 2772 ticks
PASS Crazy 10: 79/79 in 3006 ticks
PASS Crazy 11: 8/8 in 1020 ticks
PASS Crazy 12: 80/75 in 1994 ticks
PASS Crazy 13: 11/10 in 1903 ticks
PASS Crazy 14: 48/45 in 2050 ticks
PASS Crazy 15: 49/44 in 2185 ticks
PASS Crazy 16: 16/16 in 1370 ticks
PASS Crazy 17: 49/49 in 2893 ticks
PASS Crazy 18: 46/45 in 3033 ticks
PASS Crazy 19: 46/45 in 2523 ticks
PASS Crazy 20: 10/10 in 4080 ticks
PASS Wild 1: 60/53 in 1563 ticks
PASS Wild 2: 60/60 in 3046 ticks
PASS Wild 3: 69/65 in 1728 ticks
PASS Wild 4: 80/80 in 2454 ticks
PASS Wild 5: 75/68 in 4080 ticks
PASS Wild 6: 80/80 in 1431 ticks
PASS Wild 7: 80/80 in 1853 ticks
PASS Wild 8: 10/10 in 781 ticks
PASS Wild 9: 40/40 in 2904 ticks
PASS Wild 10: 72/60 in 1800 ticks
PASS Wild 11: 49/49 in 1280 ticks
PASS Wild 12: 42/40 in 2595 ticks
PASS Wild 13: 76/75 in 2887 ticks
PASS Wild 14: 80/70 in 3534 ticks
PASS Wild 15: 40/40 in 3060 ticks
PASS Wild 16: 1/1 in 1544 ticks
PASS Wild 17: 80/80 in 1358 ticks
PASS Wild 18: 71/60 in 1912 ticks
PASS Wild 19: 65/65 in 2686 ticks
PASS Wild 20: 29/29 in 1150 ticks
PASS Wicked 1: 56/48 in 1163 ticks
PASS Wicked 2: 1/1 in 3559 ticks
PASS Wicked 3: 50/50 in 1377 ticks
PASS Wicked 4: 41/30 in 2636 ticks
PASS Wicked 5: 20/20 in 1923 ticks
PASS Wicked 6: 40/30 in 8160 ticks
PASS Wicked 7: 74/72 in 2040 ticks
PASS Wicked 8: 46/45 in 1614 ticks
PASS Wicked 9: 45/45 in 4080 ticks
PASS Wicked 10: 49/48 in 4080 ticks
PASS Wicked 11: 44/40 in 3754 ticks
PASS Wicked 12: 78/78 in 4080 ticks
PASS Wicked 13: 73/70 in 2886 ticks
PASS Wicked 14: 80/79 in 1229 ticks
PASS Wicked 15: 42/40 in 4080 ticks
PASS Wicked 16: 5/5 in 614 ticks
PASS Wicked 17: 29/29 in 823 ticks
PASS Wicked 18: 60/50 in 1754 ticks
PASS Wicked 19: 46/41 in 1538 ticks
PASS Wicked 20: 68/68 in 949 ticks
PASS Havoc 1: 76/76 in 2903 ticks
PASS Havoc 2: 29/29 in 4080 ticks
PASS Havoc 3: 50/50 in 1946 ticks
PASS Havoc 4: 20/20 in 3025 ticks
PASS Havoc 5: 20/20 in 2160 ticks
PASS Havoc 6: 50/50 in 969 ticks
PASS Havoc 7: 18/15 in 3060 ticks
PASS Havoc 8: 50/45 in 3552 ticks
PASS Havoc 9: 50/50 in 2368 ticks
PASS Havoc 10: 5/3 in 454 ticks
PASS Havoc 11: 80/80 in 2803 ticks
PASS Havoc 12: 80/80 in 1006 ticks
PASS Havoc 13: 76/75 in 3426 ticks
PASS Havoc 14: 80/80 in 989 ticks
PASS Havoc 15: 10/8 in 3541 ticks
PASS Havoc 16: 48/45 in 2040 ticks
PASS Havoc 17: 78/78 in 2040 ticks
PASS Havoc 18: 69/68 in 4016 ticks
PASS Havoc 19: 80/80 in 1432 ticks
PASS Havoc 20: 50/50 in 6038 ticks
Verified 100; missing or failed 0.
PASS Flurry 1: 10/10 in 1156 ticks
PASS Flurry 2: 20/15 in 1116 ticks
PASS Flurry 3: 80/50 in 3360 ticks
PASS Flurry 4: 50/45 in 2706 ticks
PASS Flurry 5: 75/25 in 2977 ticks
PASS Flurry 6: 80/40 in 4281 ticks
PASS Flurry 7: 50/25 in 3205 ticks
PASS Flurry 8: 77/70 in 6120 ticks
PASS Flurry 9: 80/75 in 3832 ticks
PASS Flurry 10: 32/25 in 3833 ticks
PASS Flurry 11: 80/78 in 1519 ticks
PASS Flurry 12: 80/77 in 1717 ticks
PASS Flurry 13: 80/80 in 1977 ticks
PASS Flurry 14: 80/75 in 2171 ticks
PASS Flurry 15: 10/10 in 718 ticks
PASS Flurry 16: 48/45 in 4080 ticks
PASS Blizzard 1: 22/22 in 6182 ticks
PASS Blizzard 2: 80/80 in 2176 ticks
PASS Blizzard 3: 80/80 in 1448 ticks
PASS Blizzard 4: 80/80 in 5732 ticks
PASS Blizzard 5: 77/75 in 5100 ticks
PASS Blizzard 6: 80/80 in 1604 ticks
PASS Blizzard 7: 60/55 in 3050 ticks
PASS Blizzard 8: 80/80 in 1699 ticks
PASS Blizzard 9: 80/75 in 5393 ticks
PASS Blizzard 10: 80/80 in 3848 ticks
PASS Blizzard 11: 80/80 in 2649 ticks
PASS Blizzard 12: 78/70 in 5225 ticks
PASS Blizzard 13: 65/65 in 2656 ticks
PASS Blizzard 14: 80/80 in 4076 ticks
PASS Blizzard 15: 8/8 in 8160 ticks
PASS Blizzard 16: 48/47 in 1759 ticks
Verified 32; missing or failed 0.
PASS Frost 1: 50/50 in 3147 ticks
PASS Frost 2: 50/49 in 1726 ticks
PASS Frost 3: 80/75 in 2134 ticks
PASS Frost 4: 50/49 in 2166 ticks
PASS Frost 5: 70/70 in 1812 ticks
PASS Frost 6: 69/69 in 2979 ticks
PASS Frost 7: 32/25 in 6120 ticks
PASS Frost 8: 80/75 in 913 ticks
PASS Frost 9: 40/40 in 1301 ticks
PASS Frost 10: 4/4 in 2016 ticks
PASS Frost 11: 80/80 in 2428 ticks
PASS Frost 12: 80/78 in 2114 ticks
PASS Frost 13: 80/80 in 1460 ticks
PASS Frost 14: 40/40 in 1589 ticks
PASS Frost 15: 49/49 in 2337 ticks
PASS Frost 16: 79/79 in 1010 ticks
PASS Hail 1: 75/75 in 2147 ticks
PASS Hail 2: 75/75 in 2040 ticks
PASS Hail 3: 35/25 in 8610 ticks
PASS Hail 4: 79/78 in 1684 ticks
PASS Hail 5: 70/68 in 3060 ticks
PASS Hail 6: 42/27 in 768 ticks
PASS Hail 7: 80/80 in 5066 ticks
PASS Hail 8: 80/80 in 5639 ticks
PASS Hail 9: 50/50 in 4681 ticks
PASS Hail 10: 80/80 in 3700 ticks
PASS Hail 11: 70/70 in 3316 ticks
PASS Hail 12: 25/25 in 2393 ticks
PASS Hail 13: 50/50 in 2760 ticks
PASS Hail 14: 65/65 in 3334 ticks
PASS Hail 15: 60/60 in 803 ticks
PASS Hail 16: 10/10 in 1299 ticks
Verified 32; missing or failed 0.
PASS Xmas 1: 50/25 in 4866 ticks
PASS Xmas 2: 50/25 in 4565 ticks
PASS Xmas 3: 48/45 in 2050 ticks
PASS Xmas 4: 50/50 in 1377 ticks
Verified 4; missing or failed 0.
PASS Xmas 1: 50/25 in 1604 ticks
PASS Xmas 2: 80/70 in 4655 ticks
PASS Xmas 3: 80/80 in 7532 ticks
PASS Xmas 4: 2/2 in 2380 ticks
Verified 4; missing or failed 0.
PASS Lemmings Versus 1: 78/65 in 2947 ticks
PASS Lemmings Versus 2: 68/65 in 5100 ticks
PASS Lemmings Versus 3: 100/80 in 1688 ticks
PASS Lemmings Versus 4: 80/80 in 4769 ticks
PASS Lemmings Versus 5: 80/80 in 1640 ticks
PASS Lemmings Versus 6: 75/65 in 2444 ticks
PASS Lemmings Versus 7: 100/50 in 4721 ticks
PASS Lemmings Versus 8: 80/80 in 1962 ticks
PASS Lemmings Versus 9: 75/75 in 3381 ticks
PASS Lemmings Versus 10: 80/80 in 3767 ticks
PASS Lemmings Versus 11: 80/80 in 1995 ticks
PASS Lemmings Versus 12: 78/65 in 5100 ticks
PASS Lemmings Versus 13: 98/90 in 5100 ticks
PASS Lemmings Versus 14: 100/90 in 2765 ticks
PASS Lemmings Versus 15: 98/90 in 8160 ticks
PASS Lemmings Versus 16: 100/90 in 2915 ticks
PASS Lemmings Versus 17: 40/30 in 2003 ticks
PASS Lemmings Versus 18: 26/26 in 2381 ticks
PASS Lemmings Versus 19: 39/26 in 9180 ticks
PASS Lemmings Versus 20: 37/20 in 1629 ticks
PASS Oh No! More Lemmings Versus 1: 40/40 in 2886 ticks
PASS Oh No! More Lemmings Versus 2: 40/40 in 2466 ticks
PASS Oh No! More Lemmings Versus 3: 40/40 in 2445 ticks
PASS Oh No! More Lemmings Versus 4: 40/40 in 2794 ticks
PASS Oh No! More Lemmings Versus 5: 40/40 in 2870 ticks
PASS Oh No! More Lemmings Versus 6: 40/40 in 2357 ticks
PASS Oh No! More Lemmings Versus 7: 40/40 in 2248 ticks
PASS Oh No! More Lemmings Versus 8: 40/40 in 4144 ticks
PASS Oh No! More Lemmings Versus 9: 40/40 in 2740 ticks
PASS Oh No! More Lemmings Versus 10: 40/40 in 2237 ticks
PASS Mega Drive Sunsoft 1: 20/10 in 839 ticks
PASS Mega Drive Sunsoft 2: 50/50 in 3090 ticks
PASS Mega Drive Sunsoft 3: 60/60 in 2624 ticks
PASS Mega Drive Sunsoft 4: 10/10 in 3661 ticks
PASS Mega Drive Sunsoft 5: 49/49 in 3655 ticks
PASS Mega Drive Sunsoft 6: 51/48 in 2107 ticks
PASS Mega Drive Sunsoft 7: 10/10 in 1670 ticks
PASS Mega Drive Sunsoft 8: 10/10 in 2525 ticks
PASS Mega Drive Sunsoft 9: 100/100 in 2362 ticks
PASS Mega Drive Sunsoft 10: 98/98 in 5296 ticks
PASS Mega Drive Sunsoft 11: 50/45 in 2761 ticks
PASS Mega Drive Sunsoft 12: 49/49 in 2047 ticks
PASS Mega Drive Sunsoft 13: 45/45 in 4348 ticks
PASS Mega Drive Sunsoft 14: 2/2 in 798 ticks
PASS Mega Drive Sunsoft 15: 50/50 in 1557 ticks
PASS Mega Drive Sunsoft 16: 49/40 in 3255 ticks
PASS Mega Drive Sunsoft 17: 10/10 in 2451 ticks
PASS Mega Drive Sunsoft 18: 58/48 in 3060 ticks
PASS Mega Drive Sunsoft 19: 3/3 in 220 ticks
PASS Mega Drive Sunsoft 20: 59/59 in 2897 ticks
PASS Mega Drive Sunsoft 21: 25/25 in 3350 ticks
PASS Mega Drive Sunsoft 22: 47/46 in 1022 ticks
PASS Mega Drive Sunsoft 23: 50/50 in 2030 ticks
PASS Mega Drive Sunsoft 24: 49/49 in 3108 ticks
PASS Mega Drive Sunsoft 25: 96/80 in 7140 ticks
PASS Mega Drive Sunsoft 26: 100/100 in 932 ticks
PASS Mega Drive Sunsoft 27: 1/1 in 486 ticks
PASS Mega Drive Sunsoft 28: 100/100 in 2372 ticks
PASS Mega Drive Sunsoft 29: 80/80 in 1757 ticks
PASS Mega Drive Sunsoft 30: 50/50 in 2949 ticks
Verified 60; missing or failed 0.
PASS conversion routes, recorded import, changed outcomes, late inputs and missing-rank rejection
PASS lemmings Fun 1: win, three recovery points, results and progress resume
PASS lemmings Fun 2: win, three recovery points, results and progress resume
PASS lemmings Fun 3: win, three recovery points, results and progress resume
PASS lemmings Fun 4: win, three recovery points, results and progress resume
PASS lemmings Fun 5: win, three recovery points, results and progress resume
PASS lemmings Fun 6: win, three recovery points, results and progress resume
PASS lemmings Fun 7: win, three recovery points, results and progress resume
PASS lemmings Fun 8: win, three recovery points, results and progress resume
PASS lemmings Fun 9: win, three recovery points, results and progress resume
PASS lemmings Fun 10: win, three recovery points, results and progress resume
PASS lemmings Fun 11: win, three recovery points, results and progress resume
PASS lemmings Fun 12: win, three recovery points, results and progress resume
PASS lemmings Fun 13: win, three recovery points, results and progress resume
PASS lemmings Fun 14: win, three recovery points, results and progress resume
PASS lemmings Fun 15: win, three recovery points, results and progress resume
PASS lemmings Fun 16: win, three recovery points, results and progress resume
PASS lemmings Fun 17: win, three recovery points, results and progress resume
PASS lemmings Fun 18: win, three recovery points, results and progress resume
PASS lemmings Fun 19: win, three recovery points, results and progress resume
PASS lemmings Fun 20: win, three recovery points, results and progress resume
PASS lemmings Fun 21: win, three recovery points, results and progress resume
PASS lemmings Fun 22: win, three recovery points, results and progress resume
PASS lemmings Fun 23: win, three recovery points, results and progress resume
PASS lemmings Fun 24: win, three recovery points, results and progress resume
PASS lemmings Fun 25: win, three recovery points, results and progress resume
PASS lemmings Fun 26: win, three recovery points, results and progress resume
PASS lemmings Fun 27: win, three recovery points, results and progress resume
PASS lemmings Fun 28: win, three recovery points, results and progress resume
PASS lemmings Fun 29: win, three recovery points, results and progress resume
PASS lemmings Fun 30: win, three recovery points, results and progress resume
PASS lemmings Tricky 1: win, three recovery points, results and progress resume
PASS lemmings Tricky 2: win, three recovery points, results and progress resume
PASS lemmings Tricky 3: win, three recovery points, results and progress resume
PASS lemmings Tricky 4: win, three recovery points, results and progress resume
PASS lemmings Tricky 5: win, three recovery points, results and progress resume
PASS lemmings Tricky 6: win, three recovery points, results and progress resume
PASS lemmings Tricky 7: win, three recovery points, results and progress resume
PASS lemmings Tricky 8: win, three recovery points, results and progress resume
PASS lemmings Tricky 9: win, three recovery points, results and progress resume
PASS lemmings Tricky 10: win, three recovery points, results and progress resume
PASS lemmings Tricky 11: win, three recovery points, results and progress resume
PASS lemmings Tricky 12: win, three recovery points, results and progress resume
PASS lemmings Tricky 13: win, three recovery points, results and progress resume
PASS lemmings Tricky 14: win, three recovery points, results and progress resume
PASS lemmings Tricky 15: win, three recovery points, results and progress resume
PASS lemmings Tricky 16: win, three recovery points, results and progress resume
PASS lemmings Tricky 17: win, three recovery points, results and progress resume
PASS lemmings Tricky 18: win, three recovery points, results and progress resume
PASS lemmings Tricky 19: win, three recovery points, results and progress resume
PASS lemmings Tricky 20: win, three recovery points, results and progress resume
PASS lemmings Tricky 21: win, three recovery points, results and progress resume
PASS lemmings Tricky 22: win, three recovery points, results and progress resume
PASS lemmings Tricky 23: win, three recovery points, results and progress resume
PASS lemmings Tricky 24: win, three recovery points, results and progress resume
PASS lemmings Tricky 25: win, three recovery points, results and progress resume
PASS lemmings Tricky 26: win, three recovery points, results and progress resume
PASS lemmings Tricky 27: win, three recovery points, results and progress resume
PASS lemmings Tricky 28: win, three recovery points, results and progress resume
PASS lemmings Tricky 29: win, three recovery points, results and progress resume
PASS lemmings Tricky 30: win, three recovery points, results and progress resume
PASS lemmings Taxing 1: win, three recovery points, results and progress resume
PASS lemmings Taxing 2: win, three recovery points, results and progress resume
PASS lemmings Taxing 3: win, three recovery points, results and progress resume
PASS lemmings Taxing 4: win, three recovery points, results and progress resume
PASS lemmings Taxing 5: win, three recovery points, results and progress resume
PASS lemmings Taxing 6: win, three recovery points, results and progress resume
PASS lemmings Taxing 7: win, three recovery points, results and progress resume
PASS lemmings Taxing 8: win, three recovery points, results and progress resume
PASS lemmings Taxing 9: win, three recovery points, results and progress resume
PASS lemmings Taxing 10: win, three recovery points, results and progress resume
PASS lemmings Taxing 11: win, three recovery points, results and progress resume
PASS lemmings Taxing 12: win, three recovery points, results and progress resume
PASS lemmings Taxing 13: win, three recovery points, results and progress resume
PASS lemmings Taxing 14: win, three recovery points, results and progress resume
PASS lemmings Taxing 15: win, three recovery points, results and progress resume
PASS lemmings Taxing 16: win, three recovery points, results and progress resume
PASS lemmings Taxing 17: win, three recovery points, results and progress resume
PASS lemmings Taxing 18: win, three recovery points, results and progress resume
PASS lemmings Taxing 19: win, three recovery points, results and progress resume
PASS lemmings Taxing 20: win, three recovery points, results and progress resume
PASS lemmings Taxing 21: win, three recovery points, results and progress resume
PASS lemmings Taxing 22: win, three recovery points, results and progress resume
PASS lemmings Taxing 23: win, three recovery points, results and progress resume
PASS lemmings Taxing 24: win, three recovery points, results and progress resume
PASS lemmings Taxing 25: win, three recovery points, results and progress resume
PASS lemmings Taxing 26: win, three recovery points, results and progress resume
PASS lemmings Taxing 27: win, three recovery points, results and progress resume
PASS lemmings Taxing 28: win, three recovery points, results and progress resume
PASS lemmings Taxing 29: win, three recovery points, results and progress resume
PASS lemmings Taxing 30: win, three recovery points, results and progress resume
PASS lemmings Mayhem 1: win, three recovery points, results and progress resume
PASS lemmings Mayhem 2: win, three recovery points, results and progress resume
PASS lemmings Mayhem 3: win, three recovery points, results and progress resume
PASS lemmings Mayhem 4: win, three recovery points, results and progress resume
PASS lemmings Mayhem 5: win, three recovery points, results and progress resume
PASS lemmings Mayhem 6: win, three recovery points, results and progress resume
PASS lemmings Mayhem 7: win, three recovery points, results and progress resume
PASS lemmings Mayhem 8: win, three recovery points, results and progress resume
PASS lemmings Mayhem 9: win, three recovery points, results and progress resume
PASS lemmings Mayhem 10: win, three recovery points, results and progress resume
PASS lemmings Mayhem 11: win, three recovery points, results and progress resume
PASS lemmings Mayhem 12: win, three recovery points, results and progress resume
PASS lemmings Mayhem 13: win, three recovery points, results and progress resume
PASS lemmings Mayhem 14: win, three recovery points, results and progress resume
PASS lemmings Mayhem 15: win, three recovery points, results and progress resume
PASS lemmings Mayhem 16: win, three recovery points, results and progress resume
PASS lemmings Mayhem 17: win, three recovery points, results and progress resume
PASS lemmings Mayhem 18: win, three recovery points, results and progress resume
PASS lemmings Mayhem 19: win, three recovery points, results and progress resume
PASS lemmings Mayhem 20: win, three recovery points, results and progress resume
PASS lemmings Mayhem 21: win, three recovery points, results and progress resume
PASS lemmings Mayhem 22: win, three recovery points, results and progress resume
PASS lemmings Mayhem 23: win, three recovery points, results and progress resume
PASS lemmings Mayhem 24: win, three recovery points, results and progress resume
PASS lemmings Mayhem 25: win, three recovery points, results and progress resume
PASS lemmings Mayhem 26: win, three recovery points, results and progress resume
PASS lemmings Mayhem 27: win, three recovery points, results and progress resume
PASS lemmings Mayhem 28: win, three recovery points, results and progress resume
PASS lemmings Mayhem 29: win, three recovery points, results and progress resume
PASS lemmings Mayhem 30: win, three recovery points, results and progress resume
PASS xmasLemmings1991 Xmas 1: win, three recovery points, results and progress resume
PASS xmasLemmings1991 Xmas 2: win, three recovery points, results and progress resume
PASS xmasLemmings1991 Xmas 3: win, three recovery points, results and progress resume
PASS xmasLemmings1991 Xmas 4: win, three recovery points, results and progress resume
PASS ohNoMoreLemmings Tame 1: win, three recovery points, results and progress resume
PASS ohNoMoreLemmings Tame 2: win, three recovery points, results and progress resume
PASS ohNoMoreLemmings Tame 3: win, three recovery points, results and progress resume
PASS ohNoMoreLemmings Tame 4: win, three recovery points, results and progress resume
PASS ohNoMoreLemmings Tame 5: win, three recovery points, results and progress resume
PASS ohNoMoreLemmings Tame 6: win, three recovery points, results and progress resume
PASS ohNoMoreLemmings Tame 7: win, three recovery points, results and progress resume
PASS ohNoMoreLemmings Tame 8: win, three recovery points, results and progress resume
PASS ohNoMoreLemmings Tame 9: win, three recovery points, results and progress resume
PASS ohNoMoreLemmings Tame 10: win, three recovery points, results and progress resume
PASS ohNoMoreLemmings Tame 11: win, three recovery points, results and progress resume
PASS ohNoMoreLemmings Tame 12: win, three recovery points, results and progress resume
PASS ohNoMoreLemmings Tame 13: win, three recovery points, results and progress resume
PASS ohNoMoreLemmings Tame 14: win, three recovery points, results and progress resume
PASS ohNoMoreLemmings Tame 15: win, three recovery points, results and progress resume
PASS ohNoMoreLemmings Tame 16: win, three recovery points, results and progress resume
PASS ohNoMoreLemmings Tame 17: win, three recovery points, results and progress resume
PASS ohNoMoreLemmings Tame 18: win, three recovery points, results and progress resume
PASS ohNoMoreLemmings Tame 19: win, three recovery points, results and progress resume
PASS ohNoMoreLemmings Tame 20: win, three recovery points, results and progress resume
PASS ohNoMoreLemmings Crazy 1: win, three recovery points, results and progress resume
PASS ohNoMoreLemmings Crazy 2: win, three recovery points, results and progress resume
PASS ohNoMoreLemmings Crazy 3: win, three recovery points, results and progress resume
PASS ohNoMoreLemmings Crazy 4: win, three recovery points, results and progress resume
PASS ohNoMoreLemmings Crazy 5: win, three recovery points, results and progress resume
PASS ohNoMoreLemmings Crazy 6: win, three recovery points, results and progress resume
PASS ohNoMoreLemmings Crazy 7: win, three recovery points, results and progress resume
PASS ohNoMoreLemmings Crazy 8: win, three recovery points, results and progress resume
PASS ohNoMoreLemmings Crazy 9: win, three recovery points, results and progress resume
PASS ohNoMoreLemmings Crazy 10: win, three recovery points, results and progress resume
PASS ohNoMoreLemmings Crazy 11: win, three recovery points, results and progress resume
PASS ohNoMoreLemmings Crazy 12: win, three recovery points, results and progress resume
PASS ohNoMoreLemmings Crazy 13: win, three recovery points, results and progress resume
PASS ohNoMoreLemmings Crazy 14: win, three recovery points, results and progress resume
PASS ohNoMoreLemmings Crazy 15: win, three recovery points, results and progress resume
PASS ohNoMoreLemmings Crazy 16: win, three recovery points, results and progress resume
PASS ohNoMoreLemmings Crazy 17: win, three recovery points, results and progress resume
PASS ohNoMoreLemmings Crazy 18: win, three recovery points, results and progress resume
PASS ohNoMoreLemmings Crazy 19: win, three recovery points, results and progress resume
PASS ohNoMoreLemmings Crazy 20: win, three recovery points, results and progress resume
PASS ohNoMoreLemmings Wild 1: win, three recovery points, results and progress resume
PASS ohNoMoreLemmings Wild 2: win, three recovery points, results and progress resume
PASS ohNoMoreLemmings Wild 3: win, three recovery points, results and progress resume
PASS ohNoMoreLemmings Wild 4: win, three recovery points, results and progress resume
PASS ohNoMoreLemmings Wild 5: win, three recovery points, results and progress resume
PASS ohNoMoreLemmings Wild 6: win, three recovery points, results and progress resume
PASS ohNoMoreLemmings Wild 7: win, three recovery points, results and progress resume
PASS ohNoMoreLemmings Wild 8: win, three recovery points, results and progress resume
PASS ohNoMoreLemmings Wild 9: win, three recovery points, results and progress resume
PASS ohNoMoreLemmings Wild 10: win, three recovery points, results and progress resume
PASS ohNoMoreLemmings Wild 11: win, three recovery points, results and progress resume
PASS ohNoMoreLemmings Wild 12: win, three recovery points, results and progress resume
PASS ohNoMoreLemmings Wild 13: win, three recovery points, results and progress resume
PASS ohNoMoreLemmings Wild 14: win, three recovery points, results and progress resume
PASS ohNoMoreLemmings Wild 15: win, three recovery points, results and progress resume
PASS ohNoMoreLemmings Wild 16: win, three recovery points, results and progress resume
PASS ohNoMoreLemmings Wild 17: win, three recovery points, results and progress resume
PASS ohNoMoreLemmings Wild 18: win, three recovery points, results and progress resume
PASS ohNoMoreLemmings Wild 19: win, three recovery points, results and progress resume
PASS ohNoMoreLemmings Wild 20: win, three recovery points, results and progress resume
PASS ohNoMoreLemmings Wicked 1: win, three recovery points, results and progress resume
PASS ohNoMoreLemmings Wicked 2: win, three recovery points, results and progress resume
PASS ohNoMoreLemmings Wicked 3: win, three recovery points, results and progress resume
PASS ohNoMoreLemmings Wicked 4: win, three recovery points, results and progress resume
PASS ohNoMoreLemmings Wicked 5: win, three recovery points, results and progress resume
PASS ohNoMoreLemmings Wicked 6: win, three recovery points, results and progress resume
PASS ohNoMoreLemmings Wicked 7: win, three recovery points, results and progress resume
PASS ohNoMoreLemmings Wicked 8: win, three recovery points, results and progress resume
PASS ohNoMoreLemmings Wicked 9: win, three recovery points, results and progress resume
PASS ohNoMoreLemmings Wicked 10: win, three recovery points, results and progress resume
PASS ohNoMoreLemmings Wicked 11: win, three recovery points, results and progress resume
PASS ohNoMoreLemmings Wicked 12: win, three recovery points, results and progress resume
PASS ohNoMoreLemmings Wicked 13: win, three recovery points, results and progress resume
PASS ohNoMoreLemmings Wicked 14: win, three recovery points, results and progress resume
PASS ohNoMoreLemmings Wicked 15: win, three recovery points, results and progress resume
PASS ohNoMoreLemmings Wicked 16: win, three recovery points, results and progress resume
PASS ohNoMoreLemmings Wicked 17: win, three recovery points, results and progress resume
PASS ohNoMoreLemmings Wicked 18: win, three recovery points, results and progress resume
PASS ohNoMoreLemmings Wicked 19: win, three recovery points, results and progress resume
PASS ohNoMoreLemmings Wicked 20: win, three recovery points, results and progress resume
PASS ohNoMoreLemmings Havoc 1: win, three recovery points, results and progress resume
PASS ohNoMoreLemmings Havoc 2: win, three recovery points, results and progress resume
PASS ohNoMoreLemmings Havoc 3: win, three recovery points, results and progress resume
PASS ohNoMoreLemmings Havoc 4: win, three recovery points, results and progress resume
PASS ohNoMoreLemmings Havoc 5: win, three recovery points, results and progress resume
PASS ohNoMoreLemmings Havoc 6: win, three recovery points, results and progress resume
PASS ohNoMoreLemmings Havoc 7: win, three recovery points, results and progress resume
PASS ohNoMoreLemmings Havoc 8: win, three recovery points, results and progress resume
PASS ohNoMoreLemmings Havoc 9: win, three recovery points, results and progress resume
PASS ohNoMoreLemmings Havoc 10: win, three recovery points, results and progress resume
PASS ohNoMoreLemmings Havoc 11: win, three recovery points, results and progress resume
PASS ohNoMoreLemmings Havoc 12: win, three recovery points, results and progress resume
PASS ohNoMoreLemmings Havoc 13: win, three recovery points, results and progress resume
PASS ohNoMoreLemmings Havoc 14: win, three recovery points, results and progress resume
PASS ohNoMoreLemmings Havoc 15: win, three recovery points, results and progress resume
PASS ohNoMoreLemmings Havoc 16: win, three recovery points, results and progress resume
PASS ohNoMoreLemmings Havoc 17: win, three recovery points, results and progress resume
PASS ohNoMoreLemmings Havoc 18: win, three recovery points, results and progress resume
PASS ohNoMoreLemmings Havoc 19: win, three recovery points, results and progress resume
PASS ohNoMoreLemmings Havoc 20: win, three recovery points, results and progress resume
PASS xmasLemmings1992 Xmas 1: win, three recovery points, results and progress resume
PASS xmasLemmings1992 Xmas 2: win, three recovery points, results and progress resume
PASS xmasLemmings1992 Xmas 3: win, three recovery points, results and progress resume
PASS xmasLemmings1992 Xmas 4: win, three recovery points, results and progress resume
PASS holidayLemmings1993 Flurry 1: win, three recovery points, results and progress resume
PASS holidayLemmings1993 Flurry 2: win, three recovery points, results and progress resume
PASS holidayLemmings1993 Flurry 3: win, three recovery points, results and progress resume
PASS holidayLemmings1993 Flurry 4: win, three recovery points, results and progress resume
PASS holidayLemmings1993 Flurry 5: win, three recovery points, results and progress resume
PASS holidayLemmings1993 Flurry 6: win, three recovery points, results and progress resume
PASS holidayLemmings1993 Flurry 7: win, three recovery points, results and progress resume
PASS holidayLemmings1993 Flurry 8: win, three recovery points, results and progress resume
PASS holidayLemmings1993 Flurry 9: win, three recovery points, results and progress resume
PASS holidayLemmings1993 Flurry 10: win, three recovery points, results and progress resume
PASS holidayLemmings1993 Flurry 11: win, three recovery points, results and progress resume
PASS holidayLemmings1993 Flurry 12: win, three recovery points, results and progress resume
PASS holidayLemmings1993 Flurry 13: win, three recovery points, results and progress resume
PASS holidayLemmings1993 Flurry 14: win, three recovery points, results and progress resume
PASS holidayLemmings1993 Flurry 15: win, three recovery points, results and progress resume
PASS holidayLemmings1993 Flurry 16: win, three recovery points, results and progress resume
PASS holidayLemmings1993 Blizzard 1: win, three recovery points, results and progress resume
PASS holidayLemmings1993 Blizzard 2: win, three recovery points, results and progress resume
PASS holidayLemmings1993 Blizzard 3: win, three recovery points, results and progress resume
PASS holidayLemmings1993 Blizzard 4: win, three recovery points, results and progress resume
PASS holidayLemmings1993 Blizzard 5: win, three recovery points, results and progress resume
PASS holidayLemmings1993 Blizzard 6: win, three recovery points, results and progress resume
PASS holidayLemmings1993 Blizzard 7: win, three recovery points, results and progress resume
PASS holidayLemmings1993 Blizzard 8: win, three recovery points, results and progress resume
PASS holidayLemmings1993 Blizzard 9: win, three recovery points, results and progress resume
PASS holidayLemmings1993 Blizzard 10: win, three recovery points, results and progress resume
PASS holidayLemmings1993 Blizzard 11: win, three recovery points, results and progress resume
PASS holidayLemmings1993 Blizzard 12: win, three recovery points, results and progress resume
PASS holidayLemmings1993 Blizzard 13: win, three recovery points, results and progress resume
PASS holidayLemmings1993 Blizzard 14: win, three recovery points, results and progress resume
PASS holidayLemmings1993 Blizzard 15: win, three recovery points, results and progress resume
PASS holidayLemmings1993 Blizzard 16: win, three recovery points, results and progress resume
PASS ohYesMoreLemmings Lemmings Versus 1: win, three recovery points, results and progress resume
PASS ohYesMoreLemmings Lemmings Versus 2: win, three recovery points, results and progress resume
PASS ohYesMoreLemmings Lemmings Versus 3: win, three recovery points, results and progress resume
PASS ohYesMoreLemmings Lemmings Versus 4: win, three recovery points, results and progress resume
PASS ohYesMoreLemmings Lemmings Versus 5: win, three recovery points, results and progress resume
PASS ohYesMoreLemmings Lemmings Versus 6: win, three recovery points, results and progress resume
PASS ohYesMoreLemmings Lemmings Versus 7: win, three recovery points, results and progress resume
PASS ohYesMoreLemmings Lemmings Versus 8: win, three recovery points, results and progress resume
PASS ohYesMoreLemmings Lemmings Versus 9: win, three recovery points, results and progress resume
PASS ohYesMoreLemmings Lemmings Versus 10: win, three recovery points, results and progress resume
PASS ohYesMoreLemmings Lemmings Versus 11: win, three recovery points, results and progress resume
PASS ohYesMoreLemmings Lemmings Versus 12: win, three recovery points, results and progress resume
PASS ohYesMoreLemmings Lemmings Versus 13: win, three recovery points, results and progress resume
PASS ohYesMoreLemmings Lemmings Versus 14: win, three recovery points, results and progress resume
PASS ohYesMoreLemmings Lemmings Versus 15: win, three recovery points, results and progress resume
PASS ohYesMoreLemmings Lemmings Versus 16: win, three recovery points, results and progress resume
PASS ohYesMoreLemmings Lemmings Versus 17: win, three recovery points, results and progress resume
PASS ohYesMoreLemmings Lemmings Versus 18: win, three recovery points, results and progress resume
PASS ohYesMoreLemmings Lemmings Versus 19: win, three recovery points, results and progress resume
PASS ohYesMoreLemmings Lemmings Versus 20: win, three recovery points, results and progress resume
PASS ohYesMoreLemmings Oh No! More Lemmings Versus 1: win, three recovery points, results and progress resume
PASS ohYesMoreLemmings Oh No! More Lemmings Versus 2: win, three recovery points, results and progress resume
PASS ohYesMoreLemmings Oh No! More Lemmings Versus 3: win, three recovery points, results and progress resume
PASS ohYesMoreLemmings Oh No! More Lemmings Versus 4: win, three recovery points, results and progress resume
PASS ohYesMoreLemmings Oh No! More Lemmings Versus 5: win, three recovery points, results and progress resume
PASS ohYesMoreLemmings Oh No! More Lemmings Versus 6: win, three recovery points, results and progress resume
PASS ohYesMoreLemmings Oh No! More Lemmings Versus 7: win, three recovery points, results and progress resume
PASS ohYesMoreLemmings Oh No! More Lemmings Versus 8: win, three recovery points, results and progress resume
PASS ohYesMoreLemmings Oh No! More Lemmings Versus 9: win, three recovery points, results and progress resume
PASS ohYesMoreLemmings Oh No! More Lemmings Versus 10: win, three recovery points, results and progress resume
PASS ohYesMoreLemmings Mega Drive Sunsoft 1: win, three recovery points, results and progress resume
PASS ohYesMoreLemmings Mega Drive Sunsoft 2: win, three recovery points, results and progress resume
PASS ohYesMoreLemmings Mega Drive Sunsoft 3: win, three recovery points, results and progress resume
PASS ohYesMoreLemmings Mega Drive Sunsoft 4: win, three recovery points, results and progress resume
PASS ohYesMoreLemmings Mega Drive Sunsoft 5: win, three recovery points, results and progress resume
PASS ohYesMoreLemmings Mega Drive Sunsoft 6: win, three recovery points, results and progress resume
PASS ohYesMoreLemmings Mega Drive Sunsoft 7: win, three recovery points, results and progress resume
PASS ohYesMoreLemmings Mega Drive Sunsoft 8: win, three recovery points, results and progress resume
PASS ohYesMoreLemmings Mega Drive Sunsoft 9: win, three recovery points, results and progress resume
PASS ohYesMoreLemmings Mega Drive Sunsoft 10: win, three recovery points, results and progress resume
PASS ohYesMoreLemmings Mega Drive Sunsoft 11: win, three recovery points, results and progress resume
PASS ohYesMoreLemmings Mega Drive Sunsoft 12: win, three recovery points, results and progress resume
PASS ohYesMoreLemmings Mega Drive Sunsoft 13: win, three recovery points, results and progress resume
PASS ohYesMoreLemmings Mega Drive Sunsoft 14: win, three recovery points, results and progress resume
PASS ohYesMoreLemmings Mega Drive Sunsoft 15: win, three recovery points, results and progress resume
PASS ohYesMoreLemmings Mega Drive Sunsoft 16: win, three recovery points, results and progress resume
PASS ohYesMoreLemmings Mega Drive Sunsoft 17: win, three recovery points, results and progress resume
PASS ohYesMoreLemmings Mega Drive Sunsoft 18: win, three recovery points, results and progress resume
PASS ohYesMoreLemmings Mega Drive Sunsoft 19: win, three recovery points, results and progress resume
PASS ohYesMoreLemmings Mega Drive Sunsoft 20: win, three recovery points, results and progress resume
PASS ohYesMoreLemmings Mega Drive Sunsoft 21: win, three recovery points, results and progress resume
PASS ohYesMoreLemmings Mega Drive Sunsoft 22: win, three recovery points, results and progress resume
PASS ohYesMoreLemmings Mega Drive Sunsoft 23: win, three recovery points, results and progress resume
PASS ohYesMoreLemmings Mega Drive Sunsoft 24: win, three recovery points, results and progress resume
PASS ohYesMoreLemmings Mega Drive Sunsoft 25: win, three recovery points, results and progress resume
PASS ohYesMoreLemmings Mega Drive Sunsoft 26: win, three recovery points, results and progress resume
PASS ohYesMoreLemmings Mega Drive Sunsoft 27: win, three recovery points, results and progress resume
PASS ohYesMoreLemmings Mega Drive Sunsoft 28: win, three recovery points, results and progress resume
PASS ohYesMoreLemmings Mega Drive Sunsoft 29: win, three recovery points, results and progress resume
PASS ohYesMoreLemmings Mega Drive Sunsoft 30: win, three recovery points, results and progress resume
PASS holidayLemmings1994 Frost 1: win, three recovery points, results and progress resume
PASS holidayLemmings1994 Frost 2: win, three recovery points, results and progress resume
PASS holidayLemmings1994 Frost 3: win, three recovery points, results and progress resume
PASS holidayLemmings1994 Frost 4: win, three recovery points, results and progress resume
PASS holidayLemmings1994 Frost 5: win, three recovery points, results and progress resume
PASS holidayLemmings1994 Frost 6: win, three recovery points, results and progress resume
PASS holidayLemmings1994 Frost 7: win, three recovery points, results and progress resume
PASS holidayLemmings1994 Frost 8: win, three recovery points, results and progress resume
PASS holidayLemmings1994 Frost 9: win, three recovery points, results and progress resume
PASS holidayLemmings1994 Frost 10: win, three recovery points, results and progress resume
PASS holidayLemmings1994 Frost 11: win, three recovery points, results and progress resume
PASS holidayLemmings1994 Frost 12: win, three recovery points, results and progress resume
PASS holidayLemmings1994 Frost 13: win, three recovery points, results and progress resume
PASS holidayLemmings1994 Frost 14: win, three recovery points, results and progress resume
PASS holidayLemmings1994 Frost 15: win, three recovery points, results and progress resume
PASS holidayLemmings1994 Frost 16: win, three recovery points, results and progress resume
PASS holidayLemmings1994 Hail 1: win, three recovery points, results and progress resume
PASS holidayLemmings1994 Hail 2: win, three recovery points, results and progress resume
PASS holidayLemmings1994 Hail 3: win, three recovery points, results and progress resume
PASS holidayLemmings1994 Hail 4: win, three recovery points, results and progress resume
PASS holidayLemmings1994 Hail 5: win, three recovery points, results and progress resume
PASS holidayLemmings1994 Hail 6: win, three recovery points, results and progress resume
PASS holidayLemmings1994 Hail 7: win, three recovery points, results and progress resume
PASS holidayLemmings1994 Hail 8: win, three recovery points, results and progress resume
PASS holidayLemmings1994 Hail 9: win, three recovery points, results and progress resume
PASS holidayLemmings1994 Hail 10: win, three recovery points, results and progress resume
PASS holidayLemmings1994 Hail 11: win, three recovery points, results and progress resume
PASS holidayLemmings1994 Hail 12: win, three recovery points, results and progress resume
PASS holidayLemmings1994 Hail 13: win, three recovery points, results and progress resume
PASS holidayLemmings1994 Hail 14: win, three recovery points, results and progress resume
PASS holidayLemmings1994 Hail 15: win, three recovery points, results and progress resume
PASS holidayLemmings1994 Hail 16: win, three recovery points, results and progress resume
PASS Classic Full Quest: 352 wins, 1056 recoveries, 352 progress resumes, 6 chapter transitions and final result
PASS official quest rejects missing and preserves prior evidence
PASS official quest rejects changed outcome and preserves prior evidence
PASS official quest rejects late input and preserves prior evidence
PASS Classic quest rejects missing conversion and preserves prior evidence
PASS Classic quest rejects changed conversion outcome and preserves prior evidence
PASS Classic quest rejects late conversion input and preserves prior evidence
