PASS lemmings Fun 1: Just dig!
PASS lemmings Fun 2: Only floaters can survive this
PASS lemmings Fun 3: Tailor-made for blockers
PASS lemmings Fun 4: Now use miners and climbers
PASS lemmings Fun 5: You need bashers this time
PASS lemmings Fun 6: A task for blockers and bombers
PASS lemmings Fun 7: Builders will help you here
PASS lemmings Fun 8: Not as complicated as it looks
PASS lemmings Fun 9: As long as you try your best
PASS lemmings Fun 10: Smile if you love lemmings
PASS lemmings Fun 11: Keep your hair on Mr. Lemming
PASS lemmings Fun 12: Patience
PASS lemmings Fun 13: We all fall down
PASS lemmings Fun 14: Origins and Lemmings
PASS lemmings Fun 15: Don't let your eyes deceive you
PASS lemmings Fun 16: Don't do anything too hasty
PASS lemmings Fun 17: Easy when you know how
PASS lemmings Fun 18: Let's block and blow
PASS lemmings Fun 19: Take good care of my Lemmings
PASS lemmings Fun 20: We are now at LEMCON ONE
PASS lemmings Fun 21: You Live and Lem
PASS lemmings Fun 22: A Beast of a level
PASS lemmings Fun 23: I've lost that Lemming feeling
PASS lemmings Fun 24: Konbanwa Lemming san
PASS lemmings Fun 25: Lemmings Lemmings everywhere
PASS lemmings Fun 26: Nightmare on Lem street
PASS lemmings Fun 27: Let's be careful out there
PASS lemmings Fun 28: If only they could fly
PASS lemmings Fun 29: worra lorra lemmings
PASS lemmings Fun 30: Lock up your Lemmings
PASS lemmings Tricky 1: This should be a doddle!
PASS lemmings Tricky 2: We all fall down
PASS lemmings Tricky 3: A ladder would be handy
PASS lemmings Tricky 4: Here's one I prepared earlier
PASS lemmings Tricky 5: Careless clicking costs lives
PASS lemmings Tricky 6: Lemmingology
PASS lemmings Tricky 7: Been there, seen it, done it
PASS lemmings Tricky 8: Lemming sanctuary in sight
PASS lemmings Tricky 9: They just keep on coming
PASS lemmings Tricky 10: There's a lot of them about
PASS lemmings Tricky 11: Lemmings in the attic
PASS lemmings Tricky 12: Bitter Lemming
PASS lemmings Tricky 13: Lemming Drops
PASS lemmings Tricky 14: MENACING !!
PASS lemmings Tricky 15: Ozone friendly Lemmings
PASS lemmings Tricky 16: Luvly Jubly
PASS lemmings Tricky 17: Diet Lemmingaid
PASS lemmings Tricky 18: It's Lemmingentry Watson
PASS lemmings Tricky 19: Postcard from Lemmingland
PASS lemmings Tricky 20: One way digging to freedom
PASS lemmings Tricky 21: All the 6`s ........
PASS lemmings Tricky 22: Turn around young lemmings!
PASS lemmings Tricky 23: From The Boundary Line
PASS lemmings Tricky 24: Tightrope City
PASS lemmings Tricky 25: Cascade
PASS lemmings Tricky 26: I have a cunning plan
PASS lemmings Tricky 27: The Island of the Wicker people
PASS lemmings Tricky 28: Lost something?
PASS lemmings Tricky 29: Rainbow Island
PASS lemmings Tricky 30: The Crankshaft
PASS lemmings Taxing 1: If at first you don`t succeed..
PASS lemmings Taxing 2: Watch out, there`s traps about
PASS lemmings Taxing 3: Heaven can wait (we hope!!!!)
PASS lemmings Taxing 4: Lend a helping hand....
PASS lemmings Taxing 5: The Prison!
PASS lemmings Taxing 6: Compression Method 1
PASS lemmings Taxing 7: Every Lemming for himself!!!
PASS lemmings Taxing 8: The Art Gallery
PASS lemmings Taxing 9: Perseverance
PASS lemmings Taxing 10: Izzie Wizzie lemmings get busy
PASS lemmings Taxing 11: The ascending pillar scenario
PASS lemmings Taxing 12: Livin` On The Edge
PASS lemmings Taxing 13: Upsidedown World
PASS lemmings Taxing 14: Hunt the Nessy....
PASS lemmings Taxing 15: What an AWESOME level
PASS lemmings Taxing 16: Mary Poppins` land
PASS lemmings Taxing 17: X marks the spot
PASS lemmings Taxing 18: Tribute to M.C.Escher
PASS lemmings Taxing 19: Bomboozal
PASS lemmings Taxing 20: Walk the web rope
PASS lemmings Taxing 21: Feel the heat!
PASS lemmings Taxing 22: Come on over to my place
PASS lemmings Taxing 23: King of the castle
PASS lemmings Taxing 24: Take a running jump.....
PASS lemmings Taxing 25: Follow the leader...
PASS lemmings Taxing 26: Triple Trouble
PASS lemmings Taxing 27: Call in the bomb squad
PASS lemmings Taxing 28: POOR WEE CREATURES!
PASS lemmings Taxing 29: How do I dig up the way?
PASS lemmings Taxing 30: We all fall down
PASS lemmings Mayhem 1: Steel Works
PASS lemmings Mayhem 2: The Boiler Room
PASS lemmings Mayhem 3: It`s hero time!
PASS lemmings Mayhem 4: The Crossroads
PASS lemmings Mayhem 5: Down, along, up. In that order
PASS lemmings Mayhem 6: One way or another
PASS lemmings Mayhem 7: Poles Apart
PASS lemmings Mayhem 8: Last one out is a rotten egg!
PASS lemmings Mayhem 9: Curse of the Pharaohs
PASS lemmings Mayhem 10: Pillars of Hercules
PASS lemmings Mayhem 11: We all fall down
PASS lemmings Mayhem 12: The Far Side
PASS lemmings Mayhem 13: The Great Lemming Caper
PASS lemmings Mayhem 14: Pea Soup
PASS lemmings Mayhem 15: The Fast Food Kitchen...
PASS lemmings Mayhem 16: Just a Minute...
PASS lemmings Mayhem 17: Stepping Stones
PASS lemmings Mayhem 18: And then there were four....
PASS lemmings Mayhem 19: Time to get up!
PASS lemmings Mayhem 20: No added colours or Lemmings
PASS lemmings Mayhem 21: With a twist of lemming please
PASS lemmings Mayhem 22: A BeastII of a level
PASS lemmings Mayhem 23: Going up.......
PASS lemmings Mayhem 24: All or Nothing
PASS lemmings Mayhem 25: Have a nice day!
PASS lemmings Mayhem 26: The Steel Mines of Kessel
PASS lemmings Mayhem 27: Just a Minute (Part Two)
PASS lemmings Mayhem 28: Mind the step.....
PASS lemmings Mayhem 29: Save Me
PASS lemmings Mayhem 30: Rendezvous at the Mountain
PASS ohNoMoreLemmings Tame 1: Down And Out Lemmings
PASS ohNoMoreLemmings Tame 2: Rent-a-Lemming
PASS ohNoMoreLemmings Tame 3: Undercover Lemming
PASS ohNoMoreLemmings Tame 4: Downwardly Mobile Lemmings
PASS ohNoMoreLemmings Tame 5: Snuggle up to a Lemming
PASS ohNoMoreLemmings Tame 6: Intsy-Wintsy...Lemming?
PASS ohNoMoreLemmings Tame 7: Who`s That Lemming
PASS ohNoMoreLemmings Tame 8: Dangerzone
PASS ohNoMoreLemmings Tame 9: And now this...
PASS ohNoMoreLemmings Tame 10: New Lemmings On The Block
PASS ohNoMoreLemmings Tame 11: With Compliments
PASS ohNoMoreLemmings Tame 12: Citizen Lemming
PASS ohNoMoreLemmings Tame 13: Thunder-Lemmings are go!
PASS ohNoMoreLemmings Tame 14: Get a little extra help
PASS ohNoMoreLemmings Tame 15: Not just a pretty Lemming
PASS ohNoMoreLemmings Tame 16: Gone With The Lemming
PASS ohNoMoreLemmings Tame 17: Honey, I Saved The Lemmings
PASS ohNoMoreLemmings Tame 18: Lemmings For Presidents!
PASS ohNoMoreLemmings Tame 19: Lemming Productions Present...
PASS ohNoMoreLemmings Tame 20: Custom built for Lemmings
PASS ohNoMoreLemmings Crazy 1: Quote: "That`s a good level"
PASS ohNoMoreLemmings Crazy 2: Dolly Dimple
PASS ohNoMoreLemmings Crazy 3: Many Lemmings make level work
PASS ohNoMoreLemmings Crazy 4: Lemming Express
PASS ohNoMoreLemmings Crazy 5: 24 hour Lemathon
PASS ohNoMoreLemmings Crazy 6: The Stack
PASS ohNoMoreLemmings Crazy 7: And now, the end is near...
PASS ohNoMoreLemmings Crazy 8: KEEP ON TRUCKING
PASS ohNoMoreLemmings Crazy 9: On the Antarctic Coast
PASS ohNoMoreLemmings Crazy 10: ROCKY VI
PASS ohNoMoreLemmings Crazy 11: No Problemming!
PASS ohNoMoreLemmings Crazy 12: Lemming Friendly
PASS ohNoMoreLemmings Crazy 13: It`s a trade off
PASS ohNoMoreLemmings Crazy 14: Time waits for no Lemming
PASS ohNoMoreLemmings Crazy 15: Worra load of old blocks!
PASS ohNoMoreLemmings Crazy 16: Across The Gap
PASS ohNoMoreLemmings Crazy 17: DIGGING FOR VICTORY
PASS ohNoMoreLemmings Crazy 18: NO PROBLEM
PASS ohNoMoreLemmings Crazy 19: DON`T PANIC
PASS ohNoMoreLemmings Crazy 20: Ice Ice Lemming
PASS ohNoMoreLemmings Wild 1: PoP YoR ToP!!!
PASS ohNoMoreLemmings Wild 2: Lemming Hotel
PASS ohNoMoreLemmings Wild 3: Lemming Rhythms
PASS ohNoMoreLemmings Wild 4: Meeting Adjourned
PASS ohNoMoreLemmings Wild 5: Lemming Head
PASS ohNoMoreLemmings Wild 6: Just A Quicky
PASS ohNoMoreLemmings Wild 7: You Take the High Road
PASS ohNoMoreLemmings Wild 8: It`s a tight fit!
PASS ohNoMoreLemmings Wild 9: Ice Station Lemming
PASS ohNoMoreLemmings Wild 10: Higgledy Piggledy
PASS ohNoMoreLemmings Wild 11: Mutiny On The Bounty
PASS ohNoMoreLemmings Wild 12: SNOW JOKE
PASS ohNoMoreLemmings Wild 13: ONWARD AND UPWARD
PASS ohNoMoreLemmings Wild 14: ICE SPY
PASS ohNoMoreLemmings Wild 15: THE SILENCE OF THE LEMMINGS
PASS ohNoMoreLemmings Wild 16: Take care, Sweetie
PASS ohNoMoreLemmings Wild 17: The Chain with no name
PASS ohNoMoreLemmings Wild 18: Dr Lemminggood
PASS ohNoMoreLemmings Wild 19: Lemmingdelica
PASS ohNoMoreLemmings Wild 20: Got anything....Lemmingy???
PASS ohNoMoreLemmings Wicked 1: LeMming ToMato KetchUp fAcilitY
PASS ohNoMoreLemmings Wicked 2: Inroducing SUPERLEMMING
PASS ohNoMoreLemmings Wicked 3: This Corrosion
PASS ohNoMoreLemmings Wicked 4: Oh No! It`s the 4TH DIMENSION!
PASS ohNoMoreLemmings Wicked 5: Chill out!
PASS ohNoMoreLemmings Wicked 6: PoP TiL YoU DrOp!
PASS ohNoMoreLemmings Wicked 7: Last Lemming To Lemmingcentral
PASS ohNoMoreLemmings Wicked 8: A TOWERING PROBLEM
PASS ohNoMoreLemmings Wicked 9: How on Earth?
PASS ohNoMoreLemmings Wicked 10: Temple of Love
PASS ohNoMoreLemmings Wicked 11: ROCKY ROAD
PASS ohNoMoreLemmings Wicked 12: Suicidal Tendencies
PASS ohNoMoreLemmings Wicked 13: Almost Nearly Virtual Reality
PASS ohNoMoreLemmings Wicked 14: The Lemming Learning Curve
PASS ohNoMoreLemmings Wicked 15: SPAM,SPAM,SPAM,EGG AND LEMMING
PASS ohNoMoreLemmings Wicked 16: Five Alive
PASS ohNoMoreLemmings Wicked 17: Down the tube
PASS ohNoMoreLemmings Wicked 18: LoTs moRe wHeRe TheY caMe fRom
PASS ohNoMoreLemmings Wicked 19: Up, Down or Round and Round
PASS ohNoMoreLemmings Wicked 20: The Lemming Funhouse
PASS ohNoMoreLemmings Havoc 1: Tubular Lemmings
PASS ohNoMoreLemmings Havoc 2: Be more than just a number
PASS ohNoMoreLemmings Havoc 3: It`s the price you have to pay
PASS ohNoMoreLemmings Havoc 4: The race against cliches
PASS ohNoMoreLemmings Havoc 5: There`s madness in the method
PASS ohNoMoreLemmings Havoc 6: Now get out of that!
PASS ohNoMoreLemmings Havoc 7: Creature Discomforts
PASS ohNoMoreLemmings Havoc 8: Lemming about town
PASS ohNoMoreLemmings Havoc 9: AAAAAARRRRRRGGGGGGHHHHHH!!!!!!
PASS ohNoMoreLemmings Havoc 10: Flow Control
PASS ohNoMoreLemmings Havoc 11: Welcome to the party, pal!
PASS ohNoMoreLemmings Havoc 12: It`s all a matter of timing
PASS ohNoMoreLemmings Havoc 13: HIGHLAND FLING
PASS ohNoMoreLemmings Havoc 14: Synchronised Lemming
PASS ohNoMoreLemmings Havoc 15: Have an ice day
PASS ohNoMoreLemmings Havoc 16: Scaling the Heights
PASS ohNoMoreLemmings Havoc 17: Where Lemmings Dare
PASS ohNoMoreLemmings Havoc 18: Lemmings in a situation
PASS ohNoMoreLemmings Havoc 19: Looks a Bit Nippy Out There
PASS ohNoMoreLemmings Havoc 20: LOoK BeFoRe YoU LeAp!
PASS xmasLemmings1991 Xmas 1: Merry Christmas Mr Lemming
PASS xmasLemmings1991 Xmas 2: Christmas Bonus
PASS xmasLemmings1992 Xmas 1: Jingle Lemming
PASS xmasLemmings1992 Xmas 2: Happy Holidays Mr Lemming!
PASS xmasLemmings1992 Xmas 3: A Lemming Holiday
PASS xmasLemmings1992 Xmas 4: The North Poles
PASS holidayLemmings1993 Flurry 1: Climbing to the Top!
PASS holidayLemmings1993 Flurry 2: Floating Lemming Flurry
PASS holidayLemmings1993 Flurry 3: Holiday Mining
PASS holidayLemmings1993 Flurry 4: Lemming Tracks in the Snow!
PASS holidayLemmings1993 Flurry 5: Christmas South of the Equator
PASS holidayLemmings1993 Flurry 6: Lemming Snowfall
PASS holidayLemmings1993 Flurry 7: Lemming Snowjourn
PASS holidayLemmings1993 Flurry 8: Clouds of Lemmings
PASS holidayLemmings1993 Flurry 9: A Block from Home
PASS holidayLemmings1993 Flurry 10: 32 Lemmings Below Zero
PASS holidayLemmings1993 Flurry 11: At Home in a Cave
PASS holidayLemmings1993 Flurry 12: Presents of Mind
PASS holidayLemmings1993 Flurry 13: Yo-yo Lem-lem
PASS holidayLemmings1993 Flurry 14: Marshmallow Land
PASS holidayLemmings1993 Flurry 15: Head for the Hills!
PASS holidayLemmings1993 Flurry 16: The Long Way Around
PASS holidayLemmings1993 Blizzard 1: Oogilemming!
PASS holidayLemmings1993 Blizzard 2: Lemmings Up High
PASS holidayLemmings1993 Blizzard 3: Check Your Hints!
PASS holidayLemmings1993 Blizzard 4: Santus Lemmingus
PASS holidayLemmings1993 Blizzard 5: It Came Upon a Lemnight Clear
PASS holidayLemmings1993 Blizzard 6: A Single Lemming...
PASS holidayLemmings1993 Blizzard 7: Break on through...
PASS holidayLemmings1993 Blizzard 8: Presents of Mind II
PASS holidayLemmings1993 Blizzard 9: Lemmings...The Motion Picture
PASS holidayLemmings1993 Blizzard 10: The Wrath of Lem
PASS holidayLemmings1993 Blizzard 11: The Search for Lem
PASS holidayLemmings1993 Blizzard 12: The Voyage Home...
PASS holidayLemmings1993 Blizzard 13: The Final Frontier
PASS holidayLemmings1993 Blizzard 14: The Undiscovered Country
PASS holidayLemmings1993 Blizzard 15: The Needs of the Many...
PASS holidayLemmings1993 Blizzard 16: The Next Lemeration
PASS holidayLemmings1994 Frost 1: Chains of Command
PASS holidayLemmings1994 Frost 2: Ski Jump!
PASS holidayLemmings1994 Frost 3: CindyLand
PASS holidayLemmings1994 Frost 4: Separate Ways
PASS holidayLemmings1994 Frost 5: Lemming Reunification
PASS holidayLemmings1994 Frost 6: The Land of the Bizarre
PASS holidayLemmings1994 Frost 7: Happy New Year!
PASS holidayLemmings1994 Frost 8: Division Bell
PASS holidayLemmings1994 Frost 9: Quest for Kieran
PASS holidayLemmings1994 Frost 10: Four Play
PASS holidayLemmings1994 Frost 11: Maybe not such a doddle
PASS holidayLemmings1994 Frost 12: It's Boxing Day!
PASS holidayLemmings1994 Frost 13: 2 Minutes before midnight
PASS holidayLemmings1994 Frost 14: Happy New Year II!
PASS holidayLemmings1994 Frost 15: Plethora of Presents
PASS holidayLemmings1994 Frost 16: Up on the Rooftops
PASS holidayLemmings1994 Hail 1: Go Thataway!
PASS holidayLemmings1994 Hail 2: Break On Through
PASS holidayLemmings1994 Hail 3: And a Happy New Year!
PASS holidayLemmings1994 Hail 4: Lemmintaschen?
PASS holidayLemmings1994 Hail 5: Get the Point?
PASS holidayLemmings1994 Hail 6: Surprise Package?
PASS holidayLemmings1994 Hail 7: Steel Ice Span
PASS holidayLemmings1994 Hail 8: Sir Edmund Hilemming
PASS holidayLemmings1994 Hail 9: Up, up, and away!
PASS holidayLemmings1994 Hail 10: Lemmy in the cold, cold ground
PASS holidayLemmings1994 Hail 11: Emmings!  (No L)
PASS holidayLemmings1994 Hail 12: Merry Christmaze
PASS holidayLemmings1994 Hail 13: Polar Expedition
PASS holidayLemmings1994 Hail 14: Rendezvous II
PASS holidayLemmings1994 Hail 15: Steel Block Party
PASS holidayLemmings1994 Hail 16: Peak of Performance
PASS ohYesMoreLemmings Lemmings Versus 1: There can be only one
PASS ohYesMoreLemmings Lemmings Versus 2: We`re in this one together
PASS ohYesMoreLemmings Lemmings Versus 3: Still everything to play for
PASS ohYesMoreLemmings Lemmings Versus 4: May the craftiest player win
PASS ohYesMoreLemmings Lemmings Versus 5: and the winner is.....
PASS ohYesMoreLemmings Lemmings Versus 6: In the thick of the fray
PASS ohYesMoreLemmings Lemmings Versus 7: Just for fun or to the death?
PASS ohYesMoreLemmings Lemmings Versus 8: Game on!  Choose your tactics.
PASS ohYesMoreLemmings Lemmings Versus 9: The Passing Place
PASS ohYesMoreLemmings Lemmings Versus 10: Take what you can, when you can
PASS ohYesMoreLemmings Lemmings Versus 11: Any chance of a truce?
PASS ohYesMoreLemmings Lemmings Versus 12: Good game! Good game!
PASS ohYesMoreLemmings Lemmings Versus 13: The Hammock...
PASS ohYesMoreLemmings Lemmings Versus 14: The Pipe Room...
PASS ohYesMoreLemmings Lemmings Versus 15: Graffiti
PASS ohYesMoreLemmings Lemmings Versus 16: The Rubbish Dump
PASS ohYesMoreLemmings Lemmings Versus 17: The Crystal Cavern Mark II
PASS ohYesMoreLemmings Lemmings Versus 18: The Rope Bridge
PASS ohYesMoreLemmings Lemmings Versus 19: Islands in the Sky
PASS ohYesMoreLemmings Lemmings Versus 20: Cross-over Point
PASS ohYesMoreLemmings Oh No! More Lemmings Versus 1: The Duel
PASS ohYesMoreLemmings Oh No! More Lemmings Versus 2: Match Of The Day
PASS ohYesMoreLemmings Oh No! More Lemmings Versus 3: Confrontation
PASS ohYesMoreLemmings Oh No! More Lemmings Versus 4: The Only Way Out
PASS ohYesMoreLemmings Oh No! More Lemmings Versus 5: Showdown!
PASS ohYesMoreLemmings Oh No! More Lemmings Versus 6: Test Of Skill
PASS ohYesMoreLemmings Oh No! More Lemmings Versus 7: Give And Take
PASS ohYesMoreLemmings Oh No! More Lemmings Versus 8: Co-operation
PASS ohYesMoreLemmings Oh No! More Lemmings Versus 9: One On One
PASS ohYesMoreLemmings Oh No! More Lemmings Versus 10: I Want It All
PASS ohYesMoreLemmings Mega Drive Sunsoft 1: Rules to fall
PASS ohYesMoreLemmings Mega Drive Sunsoft 2: Inside the bone
PASS ohYesMoreLemmings Mega Drive Sunsoft 3: Anxiety
PASS ohYesMoreLemmings Mega Drive Sunsoft 4: Train your body
PASS ohYesMoreLemmings Mega Drive Sunsoft 5: Watch your step
PASS ohYesMoreLemmings Mega Drive Sunsoft 6: Libra
PASS ohYesMoreLemmings Mega Drive Sunsoft 7: Everyone turn left (Part two)
PASS ohYesMoreLemmings Mega Drive Sunsoft 8: Is this a circus?
PASS ohYesMoreLemmings Mega Drive Sunsoft 9: Evacuating a coal mine
PASS ohYesMoreLemmings Mega Drive Sunsoft 10: Spiral staircase
PASS ohYesMoreLemmings Mega Drive Sunsoft 11: Turn around and look.
PASS ohYesMoreLemmings Mega Drive Sunsoft 12: Water processing plant
PASS ohYesMoreLemmings Mega Drive Sunsoft 13: Doomsday
PASS ohYesMoreLemmings Mega Drive Sunsoft 14: No world without you
PASS ohYesMoreLemmings Mega Drive Sunsoft 15: Exodus!
PASS ohYesMoreLemmings Mega Drive Sunsoft 16: Here is Mr.Lemming's house
PASS ohYesMoreLemmings Mega Drive Sunsoft 17: Cave quest
PASS ohYesMoreLemmings Mega Drive Sunsoft 18: SUNSOFT Special
PASS ohYesMoreLemmings Mega Drive Sunsoft 19: Let's go camping.
PASS ohYesMoreLemmings Mega Drive Sunsoft 20: Haunted botanical garden
PASS ohYesMoreLemmings Mega Drive Sunsoft 21: Be sure to be a builder.
PASS ohYesMoreLemmings Mega Drive Sunsoft 22: Watch right or left (Part two)
PASS ohYesMoreLemmings Mega Drive Sunsoft 23: Move on in two separate groups.
PASS ohYesMoreLemmings Mega Drive Sunsoft 24: Out, away from the tune
PASS ohYesMoreLemmings Mega Drive Sunsoft 25: Stray sheep
PASS ohYesMoreLemmings Mega Drive Sunsoft 26: Just a minute (Part Three)
PASS ohYesMoreLemmings Mega Drive Sunsoft 27: Two heads are better...
PASS ohYesMoreLemmings Mega Drive Sunsoft 28: The gate trap Lemmings.
PASS ohYesMoreLemmings Mega Drive Sunsoft 29: I am A.T.
PASS ohYesMoreLemmings Mega Drive Sunsoft 30: Fall and no life (Part Two)
PASS 251 proofs, 17 rescue records, and replay hashes
